Archive member included to satisfy reference by file (symbol)

C:\temp\OpenSTM32\LishuiFOC\Drivers\CMSIS\libarm_cortexM3l_math.a(arm_sin_cos_f32.o)
                              Src/FOC.o (arm_sin_cos_f32)
C:\temp\OpenSTM32\LishuiFOC\Drivers\CMSIS\libarm_cortexM3l_math.a(arm_common_tables.o)
                              C:\temp\OpenSTM32\LishuiFOC\Drivers\CMSIS\libarm_cortexM3l_math.a(arm_sin_cos_f32.o) (sinTable_f32)
c:/temp/test/eclipse/plugins/fr.ac6.mcu.externaltools.arm-none.win32_1.16.0.201807130628/tools/compiler/bin/../lib/gcc/arm-none-eabi/7.2.1/../../../../arm-none-eabi/lib/thumb/v7-m\libm.a(lib_a-wf_hypot.o)
                              Src/FOC.o (hypotf)
c:/temp/test/eclipse/plugins/fr.ac6.mcu.externaltools.arm-none.win32_1.16.0.201807130628/tools/compiler/bin/../lib/gcc/arm-none-eabi/7.2.1/../../../../arm-none-eabi/lib/thumb/v7-m\libm.a(lib_a-ef_hypot.o)
                              c:/temp/test/eclipse/plugins/fr.ac6.mcu.externaltools.arm-none.win32_1.16.0.201807130628/tools/compiler/bin/../lib/gcc/arm-none-eabi/7.2.1/../../../../arm-none-eabi/lib/thumb/v7-m\libm.a(lib_a-wf_hypot.o) (__ieee754_hypotf)
c:/temp/test/eclipse/plugins/fr.ac6.mcu.externaltools.arm-none.win32_1.16.0.201807130628/tools/compiler/bin/../lib/gcc/arm-none-eabi/7.2.1/../../../../arm-none-eabi/lib/thumb/v7-m\libm.a(lib_a-ef_sqrt.o)
                              c:/temp/test/eclipse/plugins/fr.ac6.mcu.externaltools.arm-none.win32_1.16.0.201807130628/tools/compiler/bin/../lib/gcc/arm-none-eabi/7.2.1/../../../../arm-none-eabi/lib/thumb/v7-m\libm.a(lib_a-ef_hypot.o) (__ieee754_sqrtf)
c:/temp/test/eclipse/plugins/fr.ac6.mcu.externaltools.arm-none.win32_1.16.0.201807130628/tools/compiler/bin/../lib/gcc/arm-none-eabi/7.2.1/../../../../arm-none-eabi/lib/thumb/v7-m\libm.a(lib_a-s_lib_ver.o)
                              c:/temp/test/eclipse/plugins/fr.ac6.mcu.externaltools.arm-none.win32_1.16.0.201807130628/tools/compiler/bin/../lib/gcc/arm-none-eabi/7.2.1/../../../../arm-none-eabi/lib/thumb/v7-m\libm.a(lib_a-wf_hypot.o) (__fdlib_version)
c:/temp/test/eclipse/plugins/fr.ac6.mcu.externaltools.arm-none.win32_1.16.0.201807130628/tools/compiler/bin/../lib/gcc/arm-none-eabi/7.2.1/../../../../arm-none-eabi/lib/thumb/v7-m\libm.a(lib_a-s_matherr.o)
                              c:/temp/test/eclipse/plugins/fr.ac6.mcu.externaltools.arm-none.win32_1.16.0.201807130628/tools/compiler/bin/../lib/gcc/arm-none-eabi/7.2.1/../../../../arm-none-eabi/lib/thumb/v7-m\libm.a(lib_a-wf_hypot.o) (matherr)
c:/temp/test/eclipse/plugins/fr.ac6.mcu.externaltools.arm-none.win32_1.16.0.201807130628/tools/compiler/bin/../lib/gcc/arm-none-eabi/7.2.1/../../../../arm-none-eabi/lib/thumb/v7-m\libm.a(lib_a-sf_finite.o)
                              c:/temp/test/eclipse/plugins/fr.ac6.mcu.externaltools.arm-none.win32_1.16.0.201807130628/tools/compiler/bin/../lib/gcc/arm-none-eabi/7.2.1/../../../../arm-none-eabi/lib/thumb/v7-m\libm.a(lib_a-wf_hypot.o) (finitef)
c:/temp/test/eclipse/plugins/fr.ac6.mcu.externaltools.arm-none.win32_1.16.0.201807130628/tools/compiler/bin/../lib/gcc/arm-none-eabi/7.2.1/thumb/v7-m\libgcc.a(_arm_addsubdf3.o)
                              Src/FOC.o (__aeabi_dsub)
c:/temp/test/eclipse/plugins/fr.ac6.mcu.externaltools.arm-none.win32_1.16.0.201807130628/tools/compiler/bin/../lib/gcc/arm-none-eabi/7.2.1/thumb/v7-m\libgcc.a(_arm_muldivdf3.o)
                              Src/FOC.o (__aeabi_dmul)
c:/temp/test/eclipse/plugins/fr.ac6.mcu.externaltools.arm-none.win32_1.16.0.201807130628/tools/compiler/bin/../lib/gcc/arm-none-eabi/7.2.1/thumb/v7-m\libgcc.a(_arm_fixunsdfsi.o)
                              Src/FOC.o (__aeabi_d2uiz)
c:/temp/test/eclipse/plugins/fr.ac6.mcu.externaltools.arm-none.win32_1.16.0.201807130628/tools/compiler/bin/../lib/gcc/arm-none-eabi/7.2.1/thumb/v7-m\libgcc.a(_arm_truncdfsf2.o)
                              Src/FOC.o (__aeabi_d2f)
c:/temp/test/eclipse/plugins/fr.ac6.mcu.externaltools.arm-none.win32_1.16.0.201807130628/tools/compiler/bin/../lib/gcc/arm-none-eabi/7.2.1/thumb/v7-m\libgcc.a(_arm_addsubsf3.o)
                              Src/FOC.o (__aeabi_fsub)
c:/temp/test/eclipse/plugins/fr.ac6.mcu.externaltools.arm-none.win32_1.16.0.201807130628/tools/compiler/bin/../lib/gcc/arm-none-eabi/7.2.1/thumb/v7-m\libgcc.a(_arm_muldivsf3.o)
                              Src/FOC.o (__aeabi_fmul)
c:/temp/test/eclipse/plugins/fr.ac6.mcu.externaltools.arm-none.win32_1.16.0.201807130628/tools/compiler/bin/../lib/gcc/arm-none-eabi/7.2.1/thumb/v7-m\libgcc.a(_arm_cmpsf2.o)
                              Src/FOC.o (__aeabi_fcmplt)
c:/temp/test/eclipse/plugins/fr.ac6.mcu.externaltools.arm-none.win32_1.16.0.201807130628/tools/compiler/bin/../lib/gcc/arm-none-eabi/7.2.1/thumb/v7-m\libgcc.a(_arm_fixsfsi.o)
                              C:\temp\OpenSTM32\LishuiFOC\Drivers\CMSIS\libarm_cortexM3l_math.a(arm_sin_cos_f32.o) (__aeabi_f2iz)
[...]
Memory Configuration

Name             Origin             Length             Attributes
RAM              0x20000000         0x00002800         xrw
FLASH            0x08000000         0x00008000         xr
*default*        0x00000000         0xffffffff

Linker script and memory map

LOAD c:/temp/test/eclipse/plugins/fr.ac6.mcu.externaltools.arm-none.win32_1.16.0.201807130628/tools/compiler/bin/../lib/gcc/arm-none-eabi/7.2.1/thumb/v7-m/crti.o
LOAD c:/temp/test/eclipse/plugins/fr.ac6.mcu.externaltools.arm-none.win32_1.16.0.201807130628/tools/compiler/bin/../lib/gcc/arm-none-eabi/7.2.1/thumb/v7-m/crtbegin.o
LOAD c:/temp/test/eclipse/plugins/fr.ac6.mcu.externaltools.arm-none.win32_1.16.0.201807130628/tools/compiler/bin/../lib/gcc/arm-none-eabi/7.2.1/../../../../arm-none-eabi/lib/thumb/v7-m/crt0.o
LOAD Drivers/STM32F1xx_HAL_Driver/Src/stm32f1xx_hal.o
LOAD Drivers/STM32F1xx_HAL_Driver/Src/stm32f1xx_hal_adc.o
LOAD Drivers/STM32F1xx_HAL_Driver/Src/stm32f1xx_hal_adc_ex.o
LOAD Drivers/STM32F1xx_HAL_Driver/Src/stm32f1xx_hal_cortex.o
LOAD Drivers/STM32F1xx_HAL_Driver/Src/stm32f1xx_hal_dma.o
LOAD Drivers/STM32F1xx_HAL_Driver/Src/stm32f1xx_hal_flash.o
LOAD Drivers/STM32F1xx_HAL_Driver/Src/stm32f1xx_hal_flash_ex.o
LOAD Drivers/STM32F1xx_HAL_Driver/Src/stm32f1xx_hal_gpio.o
LOAD Drivers/STM32F1xx_HAL_Driver/Src/stm32f1xx_hal_gpio_ex.o
LOAD Drivers/STM32F1xx_HAL_Driver/Src/stm32f1xx_hal_pwr.o
LOAD Drivers/STM32F1xx_HAL_Driver/Src/stm32f1xx_hal_rcc.o
LOAD Drivers/STM32F1xx_HAL_Driver/Src/stm32f1xx_hal_rcc_ex.o
LOAD Drivers/STM32F1xx_HAL_Driver/Src/stm32f1xx_hal_tim.o
LOAD Drivers/STM32F1xx_HAL_Driver/Src/stm32f1xx_hal_tim_ex.o
LOAD Drivers/STM32F1xx_HAL_Driver/Src/stm32f1xx_hal_uart.o
LOAD Src/FOC.o
LOAD Src/main.o
LOAD Src/print.o
LOAD Src/stm32f1xx_hal_msp.o
LOAD Src/stm32f1xx_it.o
LOAD Src/system_stm32f1xx.o
LOAD startup/startup_stm32f103x6.o
LOAD C:\temp\OpenSTM32\LishuiFOC\Drivers\CMSIS\libarm_cortexM3l_math.a
LOAD c:/temp/test/eclipse/plugins/fr.ac6.mcu.externaltools.arm-none.win32_1.16.0.201807130628/tools/compiler/bin/../lib/gcc/arm-none-eabi/7.2.1/../../../../arm-none-eabi/lib/thumb/v7-m\libm.a
START GROUP
LOAD c:/temp/test/eclipse/plugins/fr.ac6.mcu.externaltools.arm-none.win32_1.16.0.201807130628/tools/compiler/bin/../lib/gcc/arm-none-eabi/7.2.1/thumb/v7-m\libgcc.a
LOAD c:/temp/test/eclipse/plugins/fr.ac6.mcu.externaltools.arm-none.win32_1.16.0.201807130628/tools/compiler/bin/../lib/gcc/arm-none-eabi/7.2.1/../../../../arm-none-eabi/lib/thumb/v7-m\libc_nano.a
END GROUP
START GROUP
LOAD c:/temp/test/eclipse/plugins/fr.ac6.mcu.externaltools.arm-none.win32_1.16.0.201807130628/tools/compiler/bin/../lib/gcc/arm-none-eabi/7.2.1/thumb/v7-m\libgcc.a
LOAD c:/temp/test/eclipse/plugins/fr.ac6.mcu.externaltools.arm-none.win32_1.16.0.201807130628/tools/compiler/bin/../lib/gcc/arm-none-eabi/7.2.1/../../../../arm-none-eabi/lib/thumb/v7-m\libc_nano.a
LOAD c:/temp/test/eclipse/plugins/fr.ac6.mcu.externaltools.arm-none.win32_1.16.0.201807130628/tools/compiler/bin/../lib/gcc/arm-none-eabi/7.2.1/../../../../arm-none-eabi/lib/thumb/v7-m\libnosys.a
END GROUP
START GROUP
LOAD c:/temp/test/eclipse/plugins/fr.ac6.mcu.externaltools.arm-none.win32_1.16.0.201807130628/tools/compiler/bin/../lib/gcc/arm-none-eabi/7.2.1/thumb/v7-m\libgcc.a
LOAD c:/temp/test/eclipse/plugins/fr.ac6.mcu.externaltools.arm-none.win32_1.16.0.201807130628/tools/compiler/bin/../lib/gcc/arm-none-eabi/7.2.1/../../../../arm-none-eabi/lib/thumb/v7-m\libc_nano.a
LOAD c:/temp/test/eclipse/plugins/fr.ac6.mcu.externaltools.arm-none.win32_1.16.0.201807130628/tools/compiler/bin/../lib/gcc/arm-none-eabi/7.2.1/../../../../arm-none-eabi/lib/thumb/v7-m\libnosys.a
END GROUP
LOAD c:/temp/test/eclipse/plugins/fr.ac6.mcu.externaltools.arm-none.win32_1.16.0.201807130628/tools/compiler/bin/../lib/gcc/arm-none-eabi/7.2.1/thumb/v7-m/crtend.o
LOAD c:/temp/test/eclipse/plugins/fr.ac6.mcu.externaltools.arm-none.win32_1.16.0.201807130628/tools/compiler/bin/../lib/gcc/arm-none-eabi/7.2.1/thumb/v7-m/crtn.o
                0x20002800                _estack = 0x20002800
                0x00000200                _Min_Heap_Size = 0x200
                0x00000400                _Min_Stack_Size = 0x400

.isr_vector     0x08000000      0x10c
                0x08000000                . = ALIGN (0x4)
 *(.isr_vector)
 .isr_vector    0x08000000      0x10c startup/startup_stm32f103x6.o
                0x08000000                g_pfnVectors
                0x0800010c                . = ALIGN (0x4)

.text           0x08000110     0x4dd4
                0x08000110                . = ALIGN (0x4)
 *(.text)
 .text          0x08000110       0x40 c:/temp/test/eclipse/plugins/fr.ac6.mcu.externaltools.arm-none.win32_1.16.0.201807130628/tools/compiler/bin/../lib/gcc/arm-none-eabi/7.2.1/thumb/v7-m/crtbegin.o
 .text          0x08000150      0x378 c:/temp/test/eclipse/plugins/fr.ac6.mcu.externaltools.arm-none.win32_1.16.0.201807130628/tools/compiler/bin/../lib/gcc/arm-none-eabi/7.2.1/thumb/v7-m\libgcc.a(_arm_addsubdf3.o)
                0x08000150                __aeabi_drsub
                0x08000158                __aeabi_dsub
                0x08000158                __subdf3
                0x0800015c                __aeabi_dadd
                0x0800015c                __adddf3
                0x080003d4                __floatunsidf
                0x080003d4                __aeabi_ui2d
                0x080003f4                __floatsidf
                0x080003f4                __aeabi_i2d
                0x08000418                __aeabi_f2d
                0x08000418                __extendsfdf2
                0x0800045c                __floatundidf
                0x0800045c                __aeabi_ul2d
                0x0800046c                __floatdidf
                0x0800046c                __aeabi_l2d
 .text          0x080004c8      0x424 c:/temp/test/eclipse/plugins/fr.ac6.mcu.externaltools.arm-none.win32_1.16.0.201807130628/tools/compiler/bin/../lib/gcc/arm-none-eabi/7.2.1/thumb/v7-m\libgcc.a(_arm_muldivdf3.o)
                0x080004c8                __aeabi_dmul
                0x080004c8                __muldf3
                0x0800071c                __divdf3
                0x0800071c                __aeabi_ddiv
 .text          0x080008ec       0x40 c:/temp/test/eclipse/plugins/fr.ac6.mcu.externaltools.arm-none.win32_1.16.0.201807130628/tools/compiler/bin/../lib/gcc/arm-none-eabi/7.2.1/thumb/v7-m\libgcc.a(_arm_fixunsdfsi.o)
                0x080008ec                __aeabi_d2uiz
                0x080008ec                __fixunsdfsi
 .text          0x0800092c       0xa0 c:/temp/test/eclipse/plugins/fr.ac6.mcu.externaltools.arm-none.win32_1.16.0.201807130628/tools/compiler/bin/../lib/gcc/arm-none-eabi/7.2.1/thumb/v7-m\libgcc.a(_arm_truncdfsf2.o)
                0x0800092c                __truncdfsf2
                0x0800092c                __aeabi_d2f
 .text          0x080009cc      0x21c c:/temp/test/eclipse/plugins/fr.ac6.mcu.externaltools.arm-none.win32_1.16.0.201807130628/tools/compiler/bin/../lib/gcc/arm-none-eabi/7.2.1/thumb/v7-m\libgcc.a(_arm_addsubsf3.o)
                0x080009cc                __aeabi_frsub
                0x080009d4                __subsf3
                0x080009d4                __aeabi_fsub
                0x080009d8                __aeabi_fadd
                0x080009d8                __addsf3
                0x08000b38                __aeabi_ui2f
                0x08000b38                __floatunsisf
                0x08000b40                __aeabi_i2f
                0x08000b40                __floatsisf
                0x08000b5c                __aeabi_ul2f
                0x08000b5c                __floatundisf
                0x08000b6c                __aeabi_l2f
                0x08000b6c                __floatdisf
 .text          0x08000be8      0x2a0 c:/temp/test/eclipse/plugins/fr.ac6.mcu.externaltools.arm-none.win32_1.16.0.201807130628/tools/compiler/bin/../lib/gcc/arm-none-eabi/7.2.1/thumb/v7-m\libgcc.a(_arm_muldivsf3.o)
                0x08000be8                __mulsf3
                0x08000be8                __aeabi_fmul
                0x08000d50                __aeabi_fdiv
                0x08000d50                __divsf3
 .text          0x08000e88       0xec c:/temp/test/eclipse/plugins/fr.ac6.mcu.externaltools.arm-none.win32_1.16.0.201807130628/tools/compiler/bin/../lib/gcc/arm-none-eabi/7.2.1/thumb/v7-m\libgcc.a(_arm_cmpsf2.o)
                0x08000e88                __gesf2
                0x08000e88                __gtsf2
                0x08000e90                __lesf2
                0x08000e90                __ltsf2
                0x08000e98                __nesf2
                0x08000e98                __eqsf2
                0x08000e98                __cmpsf2
                0x08000ef8                __aeabi_cfrcmple
                0x08000f00                __aeabi_cfcmpeq
                0x08000f00                __aeabi_cfcmple
                0x08000f10                __aeabi_fcmpeq
                0x08000f24                __aeabi_fcmplt
                0x08000f38                __aeabi_fcmple
                0x08000f4c                __aeabi_fcmpge
                0x08000f60                __aeabi_fcmpgt
 .text          0x08000f74       0x4c c:/temp/test/eclipse/plugins/fr.ac6.mcu.externaltools.arm-none.win32_1.16.0.201807130628/tools/compiler/bin/../lib/gcc/arm-none-eabi/7.2.1/thumb/v7-m\libgcc.a(_arm_fixsfsi.o)
                0x08000f74                __aeabi_f2iz
                0x08000f74                __fixsfsi
 .text          0x08000fc0       0x40 c:/temp/test/eclipse/plugins/fr.ac6.mcu.externaltools.arm-none.win32_1.16.0.201807130628/tools/compiler/bin/../lib/gcc/arm-none-eabi/7.2.1/thumb/v7-m\libgcc.a(_arm_fixunssfsi.o)
                0x08000fc0                __fixunssfsi
                0x08000fc0                __aeabi_f2uiz
 *(.text*)
 .text.HAL_InitTick
                0x08001000       0x2c Drivers/STM32F1xx_HAL_Driver/Src/stm32f1xx_hal.o
                0x08001000                HAL_InitTick
 .text.HAL_Init
                0x0800102c       0x24 Drivers/STM32F1xx_HAL_Driver/Src/stm32f1xx_hal.o
                0x0800102c                HAL_Init
 .text.HAL_IncTick
                0x08001050       0x10 Drivers/STM32F1xx_HAL_Driver/Src/stm32f1xx_hal.o
                0x08001050                HAL_IncTick
 .text.HAL_GetTick
                0x08001060        0xc Drivers/STM32F1xx_HAL_Driver/Src/stm32f1xx_hal.o
                0x08001060                HAL_GetTick
 .text.HAL_Delay
                0x0800106c       0x24 Drivers/STM32F1xx_HAL_Driver/Src/stm32f1xx_hal.o
                0x0800106c                HAL_Delay
 .text.HAL_ADC_GetValue
                0x08001090        0x6 Drivers/STM32F1xx_HAL_Driver/Src/stm32f1xx_hal_adc.o
                0x08001090                HAL_ADC_GetValue
 .text.HAL_ADC_LevelOutOfWindowCallback
                0x08001096        0x2 Drivers/STM32F1xx_HAL_Driver/Src/stm32f1xx_hal_adc.o
                0x08001096                HAL_ADC_LevelOutOfWindowCallback
 .text.HAL_ADC_IRQHandler
                0x08001098      0x10c Drivers/STM32F1xx_HAL_Driver/Src/stm32f1xx_hal_adc.o
                0x08001098                HAL_ADC_IRQHandler
 .text.HAL_ADC_ConfigChannel
                0x080011a4      0x138 Drivers/STM32F1xx_HAL_Driver/Src/stm32f1xx_hal_adc.o
                0x080011a4                HAL_ADC_ConfigChannel
 .text.ADC_Enable
                0x080012dc       0x80 Drivers/STM32F1xx_HAL_Driver/Src/stm32f1xx_hal_adc.o
                0x080012dc                ADC_Enable
 .text.HAL_ADC_Start_IT
                0x0800135c       0xf8 Drivers/STM32F1xx_HAL_Driver/Src/stm32f1xx_hal_adc.o
                0x0800135c                HAL_ADC_Start_IT
 .text.ADC_ConversionStop_Disable
                0x08001454       0x4c Drivers/STM32F1xx_HAL_Driver/Src/stm32f1xx_hal_adc.o
                0x08001454                ADC_ConversionStop_Disable
 .text.HAL_ADC_Init
                0x080014a0      0x110 Drivers/STM32F1xx_HAL_Driver/Src/stm32f1xx_hal_adc.o
                0x080014a0                HAL_ADC_Init
 .text.HAL_ADCEx_Calibration_Start
                0x080015b0       0xec Drivers/STM32F1xx_HAL_Driver/Src/stm32f1xx_hal_adc_ex.o
                0x080015b0                HAL_ADCEx_Calibration_Start
 .text.HAL_ADCEx_InjectedStart_IT
                0x0800169c       0xc8 Drivers/STM32F1xx_HAL_Driver/Src/stm32f1xx_hal_adc_ex.o
                0x0800169c                HAL_ADCEx_InjectedStart_IT
 .text.HAL_ADCEx_InjectedGetValue
                0x08001764       0x24 Drivers/STM32F1xx_HAL_Driver/Src/stm32f1xx_hal_adc_ex.o
                0x08001764                HAL_ADCEx_InjectedGetValue
 .text.HAL_ADCEx_InjectedConfigChannel
                0x08001788      0x220 Drivers/STM32F1xx_HAL_Driver/Src/stm32f1xx_hal_adc_ex.o
                0x08001788                HAL_ADCEx_InjectedConfigChannel
 .text.HAL_ADCEx_MultiModeConfigChannel
                0x080019a8       0x58 Drivers/STM32F1xx_HAL_Driver/Src/stm32f1xx_hal_adc_ex.o
                0x080019a8                HAL_ADCEx_MultiModeConfigChannel
 .text.HAL_NVIC_SetPriorityGrouping
                0x08001a00       0x24 Drivers/STM32F1xx_HAL_Driver/Src/stm32f1xx_hal_cortex.o
                0x08001a00                HAL_NVIC_SetPriorityGrouping
 .text.HAL_NVIC_SetPriority
                0x08001a24       0x68 Drivers/STM32F1xx_HAL_Driver/Src/stm32f1xx_hal_cortex.o
                0x08001a24                HAL_NVIC_SetPriority
 .text.HAL_NVIC_EnableIRQ
                0x08001a8c       0x18 Drivers/STM32F1xx_HAL_Driver/Src/stm32f1xx_hal_cortex.o
                0x08001a8c                HAL_NVIC_EnableIRQ
 .text.HAL_SYSTICK_Config
                0x08001aa4       0x2c Drivers/STM32F1xx_HAL_Driver/Src/stm32f1xx_hal_cortex.o
                0x08001aa4                HAL_SYSTICK_Config
 .text.HAL_SYSTICK_CLKSourceConfig
                0x08001ad0       0x20 Drivers/STM32F1xx_HAL_Driver/Src/stm32f1xx_hal_cortex.o
                0x08001ad0                HAL_SYSTICK_CLKSourceConfig
 .text.HAL_SYSTICK_Callback
                0x08001af0        0x2 Drivers/STM32F1xx_HAL_Driver/Src/stm32f1xx_hal_cortex.o
                0x08001af0                HAL_SYSTICK_Callback
 .text.HAL_SYSTICK_IRQHandler
                0x08001af2        0x8 Drivers/STM32F1xx_HAL_Driver/Src/stm32f1xx_hal_cortex.o
                0x08001af2                HAL_SYSTICK_IRQHandler
 .text.DMA_SetConfig
                0x08001afa       0x2c Drivers/STM32F1xx_HAL_Driver/Src/stm32f1xx_hal_dma.o
 *fill*         0x08001b26        0x2 
 .text.HAL_DMA_Init
                0x08001b28       0x78 Drivers/STM32F1xx_HAL_Driver/Src/stm32f1xx_hal_dma.o
                0x08001b28                HAL_DMA_Init
 .text.HAL_DMA_Start_IT
                0x08001ba0       0x74 Drivers/STM32F1xx_HAL_Driver/Src/stm32f1xx_hal_dma.o
                0x08001ba0                HAL_DMA_Start_IT
 .text.HAL_DMA_Abort_IT
                0x08001c14       0x98 Drivers/STM32F1xx_HAL_Driver/Src/stm32f1xx_hal_dma.o
                0x08001c14                HAL_DMA_Abort_IT
 .text.HAL_DMA_IRQHandler
                0x08001cac      0x144 Drivers/STM32F1xx_HAL_Driver/Src/stm32f1xx_hal_dma.o
                0x08001cac                HAL_DMA_IRQHandler
 .text.HAL_GPIO_Init
                0x08001df0      0x1cc Drivers/STM32F1xx_HAL_Driver/Src/stm32f1xx_hal_gpio.o
                0x08001df0                HAL_GPIO_Init
 .text.HAL_GPIO_WritePin
                0x08001fbc        0xc Drivers/STM32F1xx_HAL_Driver/Src/stm32f1xx_hal_gpio.o
                0x08001fbc                HAL_GPIO_WritePin
 .text.HAL_GPIO_TogglePin
                0x08001fc8        0x8 Drivers/STM32F1xx_HAL_Driver/Src/stm32f1xx_hal_gpio.o
                0x08001fc8                HAL_GPIO_TogglePin
 .text.HAL_GPIO_EXTI_IRQHandler
                0x08001fd0       0x1c Drivers/STM32F1xx_HAL_Driver/Src/stm32f1xx_hal_gpio.o
                0x08001fd0                HAL_GPIO_EXTI_IRQHandler
 .text.RCC_Delay
                0x08001fec       0x2c Drivers/STM32F1xx_HAL_Driver/Src/stm32f1xx_hal_rcc.o
 .text.HAL_RCC_OscConfig
                0x08002018      0x3dc Drivers/STM32F1xx_HAL_Driver/Src/stm32f1xx_hal_rcc.o
                0x08002018                HAL_RCC_OscConfig
 .text.HAL_RCC_GetSysClockFreq
                0x080023f4       0x70 Drivers/STM32F1xx_HAL_Driver/Src/stm32f1xx_hal_rcc.o
                0x080023f4                HAL_RCC_GetSysClockFreq
 .text.HAL_RCC_ClockConfig
                0x08002464      0x178 Drivers/STM32F1xx_HAL_Driver/Src/stm32f1xx_hal_rcc.o
                0x08002464                HAL_RCC_ClockConfig
 .text.HAL_RCC_GetHCLKFreq
                0x080025dc        0xc Drivers/STM32F1xx_HAL_Driver/Src/stm32f1xx_hal_rcc.o
                0x080025dc                HAL_RCC_GetHCLKFreq
 .text.HAL_RCC_GetPCLK1Freq
                0x080025e8       0x20 Drivers/STM32F1xx_HAL_Driver/Src/stm32f1xx_hal_rcc.o
                0x080025e8                HAL_RCC_GetPCLK1Freq
 .text.HAL_RCC_GetPCLK2Freq
                0x08002608       0x20 Drivers/STM32F1xx_HAL_Driver/Src/stm32f1xx_hal_rcc.o
                0x08002608                HAL_RCC_GetPCLK2Freq
 .text.HAL_RCCEx_PeriphCLKConfig
                0x08002628      0x114 Drivers/STM32F1xx_HAL_Driver/Src/stm32f1xx_hal_rcc_ex.o
                0x08002628                HAL_RCCEx_PeriphCLKConfig
 .text.HAL_RCCEx_GetPeriphCLKFreq
                0x0800273c       0xfc Drivers/STM32F1xx_HAL_Driver/Src/stm32f1xx_hal_rcc_ex.o
                0x0800273c                HAL_RCCEx_GetPeriphCLKFreq
 .text.TIM_OC1_SetConfig
                0x08002838       0x5c Drivers/STM32F1xx_HAL_Driver/Src/stm32f1xx_hal_tim.o
 .text.TIM_OC3_SetConfig
                0x08002894       0x64 Drivers/STM32F1xx_HAL_Driver/Src/stm32f1xx_hal_tim.o
 .text.TIM_OC4_SetConfig
                0x080028f8       0x48 Drivers/STM32F1xx_HAL_Driver/Src/stm32f1xx_hal_tim.o
 .text.TIM_TI1_ConfigInputStage
                0x08002940       0x24 Drivers/STM32F1xx_HAL_Driver/Src/stm32f1xx_hal_tim.o
 .text.TIM_TI2_ConfigInputStage
                0x08002964       0x26 Drivers/STM32F1xx_HAL_Driver/Src/stm32f1xx_hal_tim.o
 .text.TIM_ITRx_SetConfig
                0x0800298a       0x10 Drivers/STM32F1xx_HAL_Driver/Src/stm32f1xx_hal_tim.o
 .text.TIM_ETR_SetConfig
                0x0800299a       0x16 Drivers/STM32F1xx_HAL_Driver/Src/stm32f1xx_hal_tim.o
 .text.HAL_TIM_Base_Start_IT
                0x080029b0       0x18 Drivers/STM32F1xx_HAL_Driver/Src/stm32f1xx_hal_tim.o
                0x080029b0                HAL_TIM_Base_Start_IT
 .text.HAL_TIM_OC_MspInit
                0x080029c8        0x2 Drivers/STM32F1xx_HAL_Driver/Src/stm32f1xx_hal_tim.o
                0x080029c8                HAL_TIM_OC_MspInit
 .text.HAL_TIM_ConfigClockSource
                0x080029ca      0x108 Drivers/STM32F1xx_HAL_Driver/Src/stm32f1xx_hal_tim.o
                0x080029ca                HAL_TIM_ConfigClockSource
 .text.HAL_TIM_OC_DelayElapsedCallback
                0x08002ad2        0x2 Drivers/STM32F1xx_HAL_Driver/Src/stm32f1xx_hal_tim.o
                0x08002ad2                HAL_TIM_OC_DelayElapsedCallback
 .text.HAL_TIM_IC_CaptureCallback
                0x08002ad4        0x2 Drivers/STM32F1xx_HAL_Driver/Src/stm32f1xx_hal_tim.o
                0x08002ad4                HAL_TIM_IC_CaptureCallback
 .text.HAL_TIM_TriggerCallback
                0x08002ad6        0x2 Drivers/STM32F1xx_HAL_Driver/Src/stm32f1xx_hal_tim.o
                0x08002ad6                HAL_TIM_TriggerCallback
 .text.HAL_TIM_IRQHandler
                0x08002ad8      0x17a Drivers/STM32F1xx_HAL_Driver/Src/stm32f1xx_hal_tim.o
                0x08002ad8                HAL_TIM_IRQHandler
 *fill*         0x08002c52        0x2 
 .text.TIM_Base_SetConfig
                0x08002c54       0x64 Drivers/STM32F1xx_HAL_Driver/Src/stm32f1xx_hal_tim.o
                0x08002c54                TIM_Base_SetConfig
 .text.HAL_TIM_Base_Init
                0x08002cb8       0x32 Drivers/STM32F1xx_HAL_Driver/Src/stm32f1xx_hal_tim.o
                0x08002cb8                HAL_TIM_Base_Init
 .text.HAL_TIM_OC_Init
                0x08002cea       0x32 Drivers/STM32F1xx_HAL_Driver/Src/stm32f1xx_hal_tim.o
                0x08002cea                HAL_TIM_OC_Init
 .text.TIM_OC2_SetConfig
                0x08002d1c       0x64 Drivers/STM32F1xx_HAL_Driver/Src/stm32f1xx_hal_tim.o
                0x08002d1c                TIM_OC2_SetConfig
 .text.HAL_TIM_OC_ConfigChannel
                0x08002d80       0x5e Drivers/STM32F1xx_HAL_Driver/Src/stm32f1xx_hal_tim.o
                0x08002d80                HAL_TIM_OC_ConfigChannel
 .text.TIM_CCxChannelCmd
                0x08002dde       0x1c Drivers/STM32F1xx_HAL_Driver/Src/stm32f1xx_hal_tim.o
                0x08002dde                TIM_CCxChannelCmd
 *fill*         0x08002dfa        0x2 
 .text.HAL_TIM_PWM_Start_IT
                0x08002dfc       0x74 Drivers/STM32F1xx_HAL_Driver/Src/stm32f1xx_hal_tim.o
                0x08002dfc                HAL_TIM_PWM_Start_IT
 .text.TIM_CCxNChannelCmd
                0x08002e70       0x1c Drivers/STM32F1xx_HAL_Driver/Src/stm32f1xx_hal_tim_ex.o
 .text.HAL_TIMEx_PWMN_Start
                0x08002e8c       0x24 Drivers/STM32F1xx_HAL_Driver/Src/stm32f1xx_hal_tim_ex.o
                0x08002e8c                HAL_TIMEx_PWMN_Start
 .text.HAL_TIMEx_ConfigBreakDeadTime
                0x08002eb0       0x58 Drivers/STM32F1xx_HAL_Driver/Src/stm32f1xx_hal_tim_ex.o
                0x08002eb0                HAL_TIMEx_ConfigBreakDeadTime
 .text.HAL_TIMEx_MasterConfigSynchronization
                0x08002f08       0x52 Drivers/STM32F1xx_HAL_Driver/Src/stm32f1xx_hal_tim_ex.o
                0x08002f08                HAL_TIMEx_MasterConfigSynchronization
 .text.HAL_TIMEx_CommutationCallback
                0x08002f5a        0x2 Drivers/STM32F1xx_HAL_Driver/Src/stm32f1xx_hal_tim_ex.o
                0x08002f5a                HAL_TIMEx_CommutationCallback
 .text.HAL_TIMEx_BreakCallback
                0x08002f5c        0x2 Drivers/STM32F1xx_HAL_Driver/Src/stm32f1xx_hal_tim_ex.o
                0x08002f5c                HAL_TIMEx_BreakCallback
 .text.UART_EndTxTransfer
                0x08002f5e       0x12 Drivers/STM32F1xx_HAL_Driver/Src/stm32f1xx_hal_uart.o
 .text.UART_EndRxTransfer
                0x08002f70       0x1c Drivers/STM32F1xx_HAL_Driver/Src/stm32f1xx_hal_uart.o
 .text.UART_Transmit_IT
                0x08002f8c       0x68 Drivers/STM32F1xx_HAL_Driver/Src/stm32f1xx_hal_uart.o
 .text.UART_SetConfig
                0x08002ff4      0x1ac Drivers/STM32F1xx_HAL_Driver/Src/stm32f1xx_hal_uart.o
 .text.HAL_UART_Init
                0x080031a0       0x5e Drivers/STM32F1xx_HAL_Driver/Src/stm32f1xx_hal_uart.o
                0x080031a0                HAL_UART_Init
 *fill*         0x080031fe        0x2 
 .text.HAL_UART_Transmit_DMA
                0x08003200       0x8c Drivers/STM32F1xx_HAL_Driver/Src/stm32f1xx_hal_uart.o
                0x08003200                HAL_UART_Transmit_DMA
 .text.HAL_UART_TxCpltCallback
                0x0800328c        0x2 Drivers/STM32F1xx_HAL_Driver/Src/stm32f1xx_hal_uart.o
                0x0800328c                HAL_UART_TxCpltCallback
 .text.UART_DMATransmitCplt
                0x0800328e       0x30 Drivers/STM32F1xx_HAL_Driver/Src/stm32f1xx_hal_uart.o
 .text.UART_EndTransmit_IT
                0x080032be       0x1a Drivers/STM32F1xx_HAL_Driver/Src/stm32f1xx_hal_uart.o
 .text.HAL_UART_TxHalfCpltCallback
                0x080032d8        0x2 Drivers/STM32F1xx_HAL_Driver/Src/stm32f1xx_hal_uart.o
                0x080032d8                HAL_UART_TxHalfCpltCallback
 .text.UART_DMATxHalfCplt
                0x080032da        0xa Drivers/STM32F1xx_HAL_Driver/Src/stm32f1xx_hal_uart.o
 .text.HAL_UART_RxCpltCallback
                0x080032e4        0x2 Drivers/STM32F1xx_HAL_Driver/Src/stm32f1xx_hal_uart.o
                0x080032e4                HAL_UART_RxCpltCallback
 .text.UART_Receive_IT
                0x080032e6       0x9c Drivers/STM32F1xx_HAL_Driver/Src/stm32f1xx_hal_uart.o
 .text.HAL_UART_ErrorCallback
                0x08003382        0x2 Drivers/STM32F1xx_HAL_Driver/Src/stm32f1xx_hal_uart.o
                0x08003382                HAL_UART_ErrorCallback
 .text.UART_DMAError
                0x08003384       0x58 Drivers/STM32F1xx_HAL_Driver/Src/stm32f1xx_hal_uart.o
 .text.HAL_UART_IRQHandler
                0x080033dc      0x120 Drivers/STM32F1xx_HAL_Driver/Src/stm32f1xx_hal_uart.o
                0x080033dc                HAL_UART_IRQHandler
 .text.UART_DMAAbortOnError
                0x080034fc       0x10 Drivers/STM32F1xx_HAL_Driver/Src/stm32f1xx_hal_uart.o
 *fill*         0x0800350c        0x4 
 .text.PI_control_i_q
                0x08003510       0xb0 Src/FOC.o
                0x08003510                PI_control_i_q
 .text.svpwm    0x080035c0      0x2f4 Src/FOC.o
                0x080035c0                svpwm
 *fill*         0x080038b4        0x4 
 .text.FOC_calculation
                0x080038b8      0x14c Src/FOC.o
                0x080038b8                FOC_calculation
 .text.MX_GPIO_Init
                0x08003a04       0xb8 Src/main.o
 .text.MX_DMA_Init
                0x08003abc       0x54 Src/main.o
 .text.HAL_TIM_PWM_PulseFinishedCallback
                0x08003b10       0x18 Src/main.o
                0x08003b10                HAL_TIM_PWM_PulseFinishedCallback
 .text.HAL_TIM_PeriodElapsedCallback
                0x08003b28       0x28 Src/main.o
                0x08003b28                HAL_TIM_PeriodElapsedCallback
 .text.HAL_ADC_ConvCpltCallback
                0x08003b50       0x10 Src/main.o
                0x08003b50                HAL_ADC_ConvCpltCallback
 .text.HAL_ADCEx_InjectedConvCpltCallback
                0x08003b60       0xac Src/main.o
                0x08003b60                HAL_ADCEx_InjectedConvCpltCallback
 .text.HAL_GPIO_EXTI_Callback
                0x08003c0c       0x94 Src/main.o
                0x08003c0c                HAL_GPIO_EXTI_Callback
 .text._Error_Handler
                0x08003ca0        0x2 Src/main.o
                0x08003ca0                _Error_Handler
 *fill*         0x08003ca2        0x2 
 .text.MX_USART1_UART_Init
                0x08003ca4       0x3c Src/main.o
 .text.MX_TIM1_Init
                0x08003ce0      0x130 Src/main.o
 .text.MX_ADC1_Init
                0x08003e10       0xac Src/main.o
 .text.MX_ADC2_Init
                0x08003ebc       0x70 Src/main.o
 .text.MX_TIM2_Init
                0x08003f2c       0x74 Src/main.o
 .text.Set_reg_channel
                0x08003fa0       0x30 Src/main.o
 .text.SystemClock_Config
                0x08003fd0       0xa0 Src/main.o
                0x08003fd0                SystemClock_Config
 .text.main     0x08004070      0x200 Src/main.o
                0x08004070                main
 .text.putc_UART1
                0x08004270       0x2c Src/print.o
                0x08004270                putc_UART1
 .text.putc_strg
                0x0800429c       0x14 Src/print.o
                0x0800429c                putc_strg
 .text.long_itoa
                0x080042b0       0xbe Src/print.o
                0x080042b0                long_itoa
 .text.vfprintf_
                0x0800436e      0x126 Src/print.o
 .text.printf_  0x08004494       0x24 Src/print.o
                0x08004494                printf_
 .text.sprintf_
                0x080044b8       0x30 Src/print.o
                0x080044b8                sprintf_
 .text.HAL_MspInit
                0x080044e8       0xb4 Src/stm32f1xx_hal_msp.o
                0x080044e8                HAL_MspInit
 .text.HAL_ADC_MspInit
                0x0800459c       0xdc Src/stm32f1xx_hal_msp.o
                0x0800459c                HAL_ADC_MspInit
 .text.HAL_TIM_Base_MspInit
                0x08004678       0x90 Src/stm32f1xx_hal_msp.o
                0x08004678                HAL_TIM_Base_MspInit
 .text.HAL_TIM_MspPostInit
                0x08004708       0x58 Src/stm32f1xx_hal_msp.o
                0x08004708                HAL_TIM_MspPostInit
 .text.HAL_UART_MspInit
                0x08004760       0xec Src/stm32f1xx_hal_msp.o
                0x08004760                HAL_UART_MspInit
 .text.NMI_Handler
                0x0800484c        0x2 Src/stm32f1xx_it.o
                0x0800484c                NMI_Handler
 .text.HardFault_Handler
                0x0800484e        0x2 Src/stm32f1xx_it.o
                0x0800484e                HardFault_Handler
 .text.MemManage_Handler
                0x08004850        0x2 Src/stm32f1xx_it.o
                0x08004850                MemManage_Handler
 .text.BusFault_Handler
                0x08004852        0x2 Src/stm32f1xx_it.o
                0x08004852                BusFault_Handler
 .text.UsageFault_Handler
                0x08004854        0x2 Src/stm32f1xx_it.o
                0x08004854                UsageFault_Handler
 .text.SVC_Handler
                0x08004856        0x2 Src/stm32f1xx_it.o
                0x08004856                SVC_Handler
 .text.DebugMon_Handler
                0x08004858        0x2 Src/stm32f1xx_it.o
                0x08004858                DebugMon_Handler
 .text.PendSV_Handler
                0x0800485a        0x2 Src/stm32f1xx_it.o
                0x0800485a                PendSV_Handler
 .text.SysTick_Handler
                0x0800485c        0xc Src/stm32f1xx_it.o
                0x0800485c                SysTick_Handler
 .text.RCC_IRQHandler
                0x08004868        0x2 Src/stm32f1xx_it.o
                0x08004868                RCC_IRQHandler
 .text.EXTI0_IRQHandler
                0x0800486a        0xa Src/stm32f1xx_it.o
                0x0800486a                EXTI0_IRQHandler
 .text.EXTI1_IRQHandler
                0x08004874        0xa Src/stm32f1xx_it.o
                0x08004874                EXTI1_IRQHandler
 .text.EXTI2_IRQHandler
                0x0800487e        0xa Src/stm32f1xx_it.o
                0x0800487e                EXTI2_IRQHandler
 .text.DMA1_Channel1_IRQHandler
                0x08004888       0x10 Src/stm32f1xx_it.o
                0x08004888                DMA1_Channel1_IRQHandler
 .text.DMA1_Channel4_IRQHandler
                0x08004898       0x10 Src/stm32f1xx_it.o
                0x08004898                DMA1_Channel4_IRQHandler
 .text.DMA1_Channel5_IRQHandler
                0x080048a8       0x10 Src/stm32f1xx_it.o
                0x080048a8                DMA1_Channel5_IRQHandler
 .text.ADC1_2_IRQHandler
                0x080048b8       0x18 Src/stm32f1xx_it.o
                0x080048b8                ADC1_2_IRQHandler
 .text.TIM1_UP_IRQHandler
                0x080048d0       0x10 Src/stm32f1xx_it.o
                0x080048d0                TIM1_UP_IRQHandler
 .text.TIM1_TRG_COM_IRQHandler
                0x080048e0       0x10 Src/stm32f1xx_it.o
                0x080048e0                TIM1_TRG_COM_IRQHandler
 .text.TIM1_CC_IRQHandler
                0x080048f0       0x10 Src/stm32f1xx_it.o
                0x080048f0                TIM1_CC_IRQHandler
 .text.TIM2_IRQHandler
                0x08004900       0x10 Src/stm32f1xx_it.o
                0x08004900                TIM2_IRQHandler
 .text.USART1_IRQHandler
                0x08004910       0x10 Src/stm32f1xx_it.o
                0x08004910                USART1_IRQHandler
 .text.SystemInit
                0x08004920       0x4c Src/system_stm32f1xx.o
                0x08004920                SystemInit
 .text.Reset_Handler
                0x0800496c       0x48 startup/startup_stm32f103x6.o
                0x0800496c                Reset_Handler
 .text.Default_Handler
                0x080049b4        0x2 startup/startup_stm32f103x6.o
                0x080049b4                RTC_Alarm_IRQHandler
                0x080049b4                PVD_IRQHandler
                0x080049b4                EXTI3_IRQHandler
                0x080049b4                SPI1_IRQHandler
                0x080049b4                TAMPER_IRQHandler
                0x080049b4                RTC_IRQHandler
                0x080049b4                DMA1_Channel7_IRQHandler
                0x080049b4                CAN1_RX1_IRQHandler
                0x080049b4                I2C1_EV_IRQHandler
                0x080049b4                DMA1_Channel6_IRQHandler
                0x080049b4                TIM3_IRQHandler
                0x080049b4                Default_Handler
                0x080049b4                EXTI15_10_IRQHandler
                0x080049b4                EXTI9_5_IRQHandler
                0x080049b4                EXTI4_IRQHandler
                0x080049b4                USB_LP_CAN1_RX0_IRQHandler
                0x080049b4                USB_HP_CAN1_TX_IRQHandler
                0x080049b4                DMA1_Channel3_IRQHandler
                0x080049b4                WWDG_IRQHandler
                0x080049b4                TIM1_BRK_IRQHandler
                0x080049b4                USART2_IRQHandler
                0x080049b4                DMA1_Channel2_IRQHandler
                0x080049b4                CAN1_SCE_IRQHandler
                0x080049b4                FLASH_IRQHandler
                0x080049b4                I2C1_ER_IRQHandler
                0x080049b4                USBWakeUp_IRQHandler
 *fill*         0x080049b6        0x2 
 .text.arm_sin_cos_f32
                0x080049b8      0x1b4 C:\temp\OpenSTM32\LishuiFOC\Drivers\CMSIS\libarm_cortexM3l_math.a(arm_sin_cos_f32.o)
                0x080049b8                arm_sin_cos_f32
 .text.hypotf   0x08004b6c       0xb8 c:/temp/test/eclipse/plugins/fr.ac6.mcu.externaltools.arm-none.win32_1.16.0.201807130628/tools/compiler/bin/../lib/gcc/arm-none-eabi/7.2.1/../../../../arm-none-eabi/lib/thumb/v7-m\libm.a(lib_a-wf_hypot.o)
                0x08004b6c                hypotf
 .text.__ieee754_hypotf
                0x08004c24      0x198 c:/temp/test/eclipse/plugins/fr.ac6.mcu.externaltools.arm-none.win32_1.16.0.201807130628/tools/compiler/bin/../lib/gcc/arm-none-eabi/7.2.1/../../../../arm-none-eabi/lib/thumb/v7-m\libm.a(lib_a-ef_hypot.o)
                0x08004c24                __ieee754_hypotf
 .text.__ieee754_sqrtf
                0x08004dbc       0xa8 c:/temp/test/eclipse/plugins/fr.ac6.mcu.externaltools.arm-none.win32_1.16.0.201807130628/tools/compiler/bin/../lib/gcc/arm-none-eabi/7.2.1/../../../../arm-none-eabi/lib/thumb/v7-m\libm.a(lib_a-ef_sqrt.o)
                0x08004dbc                __ieee754_sqrtf
 .text.matherr  0x08004e64        0x4 c:/temp/test/eclipse/plugins/fr.ac6.mcu.externaltools.arm-none.win32_1.16.0.201807130628/tools/compiler/bin/../lib/gcc/arm-none-eabi/7.2.1/../../../../arm-none-eabi/lib/thumb/v7-m\libm.a(lib_a-s_matherr.o)
                0x08004e64                matherr
 .text.finitef  0x08004e68       0x10 c:/temp/test/eclipse/plugins/fr.ac6.mcu.externaltools.arm-none.win32_1.16.0.201807130628/tools/compiler/bin/../lib/gcc/arm-none-eabi/7.2.1/../../../../arm-none-eabi/lib/thumb/v7-m\libm.a(lib_a-sf_finite.o)
                0x08004e68                finitef
 .text.__errno  0x08004e78        0xc c:/temp/test/eclipse/plugins/fr.ac6.mcu.externaltools.arm-none.win32_1.16.0.201807130628/tools/compiler/bin/../lib/gcc/arm-none-eabi/7.2.1/../../../../arm-none-eabi/lib/thumb/v7-m\libc_nano.a(lib_a-errno.o)
                0x08004e78                __errno
 .text.__libc_init_array
                0x08004e84       0x48 c:/temp/test/eclipse/plugins/fr.ac6.mcu.externaltools.arm-none.win32_1.16.0.201807130628/tools/compiler/bin/../lib/gcc/arm-none-eabi/7.2.1/../../../../arm-none-eabi/lib/thumb/v7-m\libc_nano.a(lib_a-init.o)
                0x08004e84                __libc_init_array
 *(.glue_7)
 .glue_7        0x08004ecc        0x0 linker stubs
 *(.glue_7t)
 .glue_7t       0x08004ecc        0x0 linker stubs
 *(.eh_frame)
 .eh_frame      0x08004ecc        0x0 c:/temp/test/eclipse/plugins/fr.ac6.mcu.externaltools.arm-none.win32_1.16.0.201807130628/tools/compiler/bin/../lib/gcc/arm-none-eabi/7.2.1/thumb/v7-m/crtbegin.o
 *(.init)
 .init          0x08004ecc        0x4 c:/temp/test/eclipse/plugins/fr.ac6.mcu.externaltools.arm-none.win32_1.16.0.201807130628/tools/compiler/bin/../lib/gcc/arm-none-eabi/7.2.1/thumb/v7-m/crti.o
                0x08004ecc                _init
 .init          0x08004ed0        0x8 c:/temp/test/eclipse/plugins/fr.ac6.mcu.externaltools.arm-none.win32_1.16.0.201807130628/tools/compiler/bin/../lib/gcc/arm-none-eabi/7.2.1/thumb/v7-m/crtn.o
 *(.fini)
 .fini          0x08004ed8        0x4 c:/temp/test/eclipse/plugins/fr.ac6.mcu.externaltools.arm-none.win32_1.16.0.201807130628/tools/compiler/bin/../lib/gcc/arm-none-eabi/7.2.1/thumb/v7-m/crti.o
                0x08004ed8                _fini
 .fini          0x08004edc        0x8 c:/temp/test/eclipse/plugins/fr.ac6.mcu.externaltools.arm-none.win32_1.16.0.201807130628/tools/compiler/bin/../lib/gcc/arm-none-eabi/7.2.1/thumb/v7-m/crtn.o
                0x08004ee4                . = ALIGN (0x4)
                0x08004ee4                _etext = .

.vfp11_veneer   0x08004ee4        0x0
 .vfp11_veneer  0x08004ee4        0x0 linker stubs

.v4_bx          0x08004ee4        0x0
 .v4_bx         0x08004ee4        0x0 linker stubs

.iplt           0x08004ee4        0x0
 .iplt          0x08004ee4        0x0 c:/temp/test/eclipse/plugins/fr.ac6.mcu.externaltools.arm-none.win32_1.16.0.201807130628/tools/compiler/bin/../lib/gcc/arm-none-eabi/7.2.1/thumb/v7-m/crtbegin.o

.rodata         0x08004ee4      0x8b8
                0x08004ee4                . = ALIGN (0x4)
 *(.rodata)
 .rodata        0x08004ee4       0x12 Drivers/STM32F1xx_HAL_Driver/Src/stm32f1xx_hal_rcc.o
 *fill*         0x08004ef6        0x2 
 .rodata        0x08004ef8       0x12 Drivers/STM32F1xx_HAL_Driver/Src/stm32f1xx_hal_rcc_ex.o
 *fill*         0x08004f0a        0x2 
 .rodata        0x08004f0c       0x18 Src/system_stm32f1xx.o
                0x08004f0c                AHBPrescTable
                0x08004f1c                APBPrescTable
 *(.rodata*)
 .rodata.str1.4
                0x08004f24       0x4d Src/main.o
 *fill*         0x08004f71        0x3 
 .rodata.str1.4
                0x08004f74       0x1b Src/stm32f1xx_hal_msp.o
 *fill*         0x08004f8f        0x1 
 .rodata.sinTable_f32
                0x08004f90      0x804 C:\temp\OpenSTM32\LishuiFOC\Drivers\CMSIS\libarm_cortexM3l_math.a(arm_common_tables.o)
                0x08004f90                sinTable_f32
 .rodata.hypotf.str1.4
                0x08005794        0x8 c:/temp/test/eclipse/plugins/fr.ac6.mcu.externaltools.arm-none.win32_1.16.0.201807130628/tools/compiler/bin/../lib/gcc/arm-none-eabi/7.2.1/../../../../arm-none-eabi/lib/thumb/v7-m\libm.a(lib_a-wf_hypot.o)
                                  0x7 (size before relaxing)
                0x0800579c                . = ALIGN (0x4)

.rel.dyn        0x0800579c        0x0
 .rel.iplt      0x0800579c        0x0 c:/temp/test/eclipse/plugins/fr.ac6.mcu.externaltools.arm-none.win32_1.16.0.201807130628/tools/compiler/bin/../lib/gcc/arm-none-eabi/7.2.1/thumb/v7-m/crtbegin.o

.ARM.extab
 *(.ARM.extab* .gnu.linkonce.armextab.*)

.ARM            0x0800579c        0x0
                0x0800579c                __exidx_start = .
 *(.ARM.exidx*)
                0x0800579c                __exidx_end = .

.preinit_array  0x0800579c        0x0
                0x0800579c                PROVIDE (__preinit_array_start, .)
 *(.preinit_array*)
                0x0800579c                PROVIDE (__preinit_array_end, .)

.init_array     0x0800579c        0x4
                0x0800579c                PROVIDE (__init_array_start, .)
 *(SORT_BY_NAME(.init_array.*))
 *(.init_array*)
 .init_array    0x0800579c        0x4 c:/temp/test/eclipse/plugins/fr.ac6.mcu.externaltools.arm-none.win32_1.16.0.201807130628/tools/compiler/bin/../lib/gcc/arm-none-eabi/7.2.1/thumb/v7-m/crtbegin.o
                0x080057a0                PROVIDE (__init_array_end, .)

.fini_array     0x080057a0        0x4
                [!provide]                PROVIDE (__fini_array_start, .)
 *(SORT_BY_NAME(.fini_array.*))
 *(.fini_array*)
 .fini_array    0x080057a0        0x4 c:/temp/test/eclipse/plugins/fr.ac6.mcu.externaltools.arm-none.win32_1.16.0.201807130628/tools/compiler/bin/../lib/gcc/arm-none-eabi/7.2.1/thumb/v7-m/crtbegin.o
                [!provide]                PROVIDE (__fini_array_end, .)
                0x080057a4                _sidata = LOADADDR (.data)

.data           0x20000000       0x70 load address 0x080057a4
                0x20000000                . = ALIGN (0x4)
                0x20000000                _sdata = .
 *(.data)
 .data          0x20000000        0x2 Src/main.o
                0x20000000                ui16_reg_adc_value
 *fill*         0x20000002        0x2 
 .data          0x20000004        0x4 Src/system_stm32f1xx.o
                0x20000004                SystemCoreClock
 *(.data*)
 .data.__fdlib_version
                0x20000008        0x1 c:/temp/test/eclipse/plugins/fr.ac6.mcu.externaltools.arm-none.win32_1.16.0.201807130628/tools/compiler/bin/../lib/gcc/arm-none-eabi/7.2.1/../../../../arm-none-eabi/lib/thumb/v7-m\libm.a(lib_a-s_lib_ver.o)
                0x20000008                __fdlib_version
 *fill*         0x20000009        0x3 
 .data._impure_ptr
                0x2000000c        0x4 c:/temp/test/eclipse/plugins/fr.ac6.mcu.externaltools.arm-none.win32_1.16.0.201807130628/tools/compiler/bin/../lib/gcc/arm-none-eabi/7.2.1/../../../../arm-none-eabi/lib/thumb/v7-m\libc_nano.a(lib_a-impure.o)
                0x2000000c                _impure_ptr
 .data.impure_data
                0x20000010       0x60 c:/temp/test/eclipse/plugins/fr.ac6.mcu.externaltools.arm-none.win32_1.16.0.201807130628/tools/compiler/bin/../lib/gcc/arm-none-eabi/7.2.1/../../../../arm-none-eabi/lib/thumb/v7-m\libc_nano.a(lib_a-impure.o)
                0x20000070                . = ALIGN (0x4)
                0x20000070                _edata = .

.igot.plt       0x20000070        0x0 load address 0x08005814
 .igot.plt      0x20000070        0x0 c:/temp/test/eclipse/plugins/fr.ac6.mcu.externaltools.arm-none.win32_1.16.0.201807130628/tools/compiler/bin/../lib/gcc/arm-none-eabi/7.2.1/thumb/v7-m/crtbegin.o
                0x20000070                . = ALIGN (0x4)

.bss            0x20000070      0x2b4 load address 0x08005814
                0x20000070                _sbss = .
                0x20000070                __bss_start__ = _sbss
 *(.bss)
 .bss           0x20000070       0x1c c:/temp/test/eclipse/plugins/fr.ac6.mcu.externaltools.arm-none.win32_1.16.0.201807130628/tools/compiler/bin/../lib/gcc/arm-none-eabi/7.2.1/thumb/v7-m/crtbegin.o
 .bss           0x2000008c       0x10 Src/FOC.o
 .bss           0x2000009c       0x20 Src/main.o
                0x2000009c                ui32_tim2_counter
                0x200000a0                i16_ph1_current
                0x200000a2                i16_ph2_current
                0x200000a4                ui32_counter
                0x200000a8                ui16_tim2_recent
                0x200000aa                ui16_timertics
                0x200000ac                ui8_overflow_flag
                0x200000ad                ui8_hall_state
                0x200000ae                i
                0x200000b0                i16_cosinus
                0x200000b2                i16_sinus
                0x200000b4                i16_ph3_current
                0x200000b6                ui16_ph3_offset
                0x200000b8                ui16_ph2_offset
                0x200000ba                ui16_ph1_offset
 *(.bss*)
 *(COMMON)
 COMMON         0x200000bc        0x4 Drivers/STM32F1xx_HAL_Driver/Src/stm32f1xx_hal.o
                0x200000bc                uwTick
 COMMON         0x200000c0      0x260 Src/main.o
                0x200000c0                flt_rotorposition_absolute
                0x200000c4                hadc2
                0x200000f4                flt_rotorposition_hall
                0x200000f8                switchtime
                0x20000100                hdma_usart1_tx
                0x20000144                hadc1
                0x20000174                hdma_usart1_rx
                0x200001b8                huart1
                0x200001f8                buffer
                0x2000025c                hdma_adc1
                0x200002a0                htim1
                0x200002e0                htim2
 COMMON         0x20000320        0x4 Src/print.o
                0x20000320                SPRINTF_buffer
                0x20000324                . = ALIGN (0x4)
                0x20000324                _ebss = .
                0x20000324                __bss_end__ = _ebss

._user_heap_stack
                0x20000324      0x604 load address 0x08005814
                0x20000328                . = ALIGN (0x8)
 *fill*         0x20000324        0x4 
                [!provide]                PROVIDE (end, .)
                [!provide]                PROVIDE (_end, .)
                0x20000528                . = (. + _Min_Heap_Size)
 *fill*         0x20000328      0x200 
                0x20000928                . = (. + _Min_Stack_Size)
 *fill*         0x20000528      0x400 
                0x20000928                . = ALIGN (0x8)

/DISCARD/
 libc.a(*)
 libm.a(*)
 libgcc.a(*)

.ARM.attributes
                0x00000000       0x29
 *(.ARM.attributes)
 .ARM.attributes
                0x00000000       0x1d c:/temp/test/eclipse/plugins/fr.ac6.mcu.externaltools.arm-none.win32_1.16.0.201807130628/tools/compiler/bin/../lib/gcc/arm-none-eabi/7.2.1/thumb/v7-m/crti.o
 .ARM.attributes
                0x0000001d       0x2d c:/temp/test/eclipse/plugins/fr.ac6.mcu.externaltools.arm-none.win32_1.16.0.201807130628/tools/compiler/bin/../lib/gcc/arm-none-eabi/7.2.1/thumb/v7-m/crtbegin.o
 .ARM.attributes
                0x0000004a       0x33 Drivers/STM32F1xx_HAL_Driver/Src/stm32f1xx_hal.o
 .ARM.attributes
                0x0000007d       0x33 Drivers/STM32F1xx_HAL_Driver/Src/stm32f1xx_hal_adc.o
 .ARM.attributes
                0x000000b0       0x33 Drivers/STM32F1xx_HAL_Driver/Src/stm32f1xx_hal_adc_ex.o
 .ARM.attributes
                0x000000e3       0x33 Drivers/STM32F1xx_HAL_Driver/Src/stm32f1xx_hal_cortex.o
 .ARM.attributes
                0x00000116       0x33 Drivers/STM32F1xx_HAL_Driver/Src/stm32f1xx_hal_dma.o
 .ARM.attributes
                0x00000149       0x33 Drivers/STM32F1xx_HAL_Driver/Src/stm32f1xx_hal_gpio.o
 .ARM.attributes
                0x0000017c       0x33 Drivers/STM32F1xx_HAL_Driver/Src/stm32f1xx_hal_rcc.o
 .ARM.attributes
                0x000001af       0x33 Drivers/STM32F1xx_HAL_Driver/Src/stm32f1xx_hal_rcc_ex.o
 .ARM.attributes
                0x000001e2       0x33 Drivers/STM32F1xx_HAL_Driver/Src/stm32f1xx_hal_tim.o
 .ARM.attributes
                0x00000215       0x33 Drivers/STM32F1xx_HAL_Driver/Src/stm32f1xx_hal_tim_ex.o
 .ARM.attributes
                0x00000248       0x33 Drivers/STM32F1xx_HAL_Driver/Src/stm32f1xx_hal_uart.o
 .ARM.attributes
                0x0000027b       0x33 Src/FOC.o
 .ARM.attributes
                0x000002ae       0x33 Src/main.o
 .ARM.attributes
                0x000002e1       0x33 Src/print.o
 .ARM.attributes
                0x00000314       0x33 Src/stm32f1xx_hal_msp.o
 .ARM.attributes
                0x00000347       0x33 Src/stm32f1xx_it.o
 .ARM.attributes
                0x0000037a       0x33 Src/system_stm32f1xx.o
 .ARM.attributes
                0x000003ad       0x21 startup/startup_stm32f103x6.o
 .ARM.attributes
                0x000003ce       0x33 C:\temp\OpenSTM32\LishuiFOC\Drivers\CMSIS\libarm_cortexM3l_math.a(arm_sin_cos_f32.o)
 .ARM.attributes
                0x00000401       0x33 C:\temp\OpenSTM32\LishuiFOC\Drivers\CMSIS\libarm_cortexM3l_math.a(arm_common_tables.o)
 .ARM.attributes
                0x00000434       0x2d c:/temp/test/eclipse/plugins/fr.ac6.mcu.externaltools.arm-none.win32_1.16.0.201807130628/tools/compiler/bin/../lib/gcc/arm-none-eabi/7.2.1/../../../../arm-none-eabi/lib/thumb/v7-m\libm.a(lib_a-wf_hypot.o)
 .ARM.attributes
                0x00000461       0x2d c:/temp/test/eclipse/plugins/fr.ac6.mcu.externaltools.arm-none.win32_1.16.0.201807130628/tools/compiler/bin/../lib/gcc/arm-none-eabi/7.2.1/../../../../arm-none-eabi/lib/thumb/v7-m\libm.a(lib_a-ef_hypot.o)
 .ARM.attributes
                0x0000048e       0x2d c:/temp/test/eclipse/plugins/fr.ac6.mcu.externaltools.arm-none.win32_1.16.0.201807130628/tools/compiler/bin/../lib/gcc/arm-none-eabi/7.2.1/../../../../arm-none-eabi/lib/thumb/v7-m\libm.a(lib_a-ef_sqrt.o)
 .ARM.attributes
                0x000004bb       0x2d c:/temp/test/eclipse/plugins/fr.ac6.mcu.externaltools.arm-none.win32_1.16.0.201807130628/tools/compiler/bin/../lib/gcc/arm-none-eabi/7.2.1/../../../../arm-none-eabi/lib/thumb/v7-m\libm.a(lib_a-s_lib_ver.o)
 .ARM.attributes
                0x000004e8       0x2d c:/temp/test/eclipse/plugins/fr.ac6.mcu.externaltools.arm-none.win32_1.16.0.201807130628/tools/compiler/bin/../lib/gcc/arm-none-eabi/7.2.1/../../../../arm-none-eabi/lib/thumb/v7-m\libm.a(lib_a-s_matherr.o)
 .ARM.attributes
                0x00000515       0x2d c:/temp/test/eclipse/plugins/fr.ac6.mcu.externaltools.arm-none.win32_1.16.0.201807130628/tools/compiler/bin/../lib/gcc/arm-none-eabi/7.2.1/../../../../arm-none-eabi/lib/thumb/v7-m\libm.a(lib_a-sf_finite.o)
 .ARM.attributes
                0x00000542       0x1d c:/temp/test/eclipse/plugins/fr.ac6.mcu.externaltools.arm-none.win32_1.16.0.201807130628/tools/compiler/bin/../lib/gcc/arm-none-eabi/7.2.1/thumb/v7-m\libgcc.a(_arm_addsubdf3.o)
 .ARM.attributes
                0x0000055f       0x1d c:/temp/test/eclipse/plugins/fr.ac6.mcu.externaltools.arm-none.win32_1.16.0.201807130628/tools/compiler/bin/../lib/gcc/arm-none-eabi/7.2.1/thumb/v7-m\libgcc.a(_arm_muldivdf3.o)
 .ARM.attributes
                0x0000057c       0x1d c:/temp/test/eclipse/plugins/fr.ac6.mcu.externaltools.arm-none.win32_1.16.0.201807130628/tools/compiler/bin/../lib/gcc/arm-none-eabi/7.2.1/thumb/v7-m\libgcc.a(_arm_fixunsdfsi.o)
 .ARM.attributes
                0x00000599       0x1d c:/temp/test/eclipse/plugins/fr.ac6.mcu.externaltools.arm-none.win32_1.16.0.201807130628/tools/compiler/bin/../lib/gcc/arm-none-eabi/7.2.1/thumb/v7-m\libgcc.a(_arm_truncdfsf2.o)
 .ARM.attributes
                0x000005b6       0x1d c:/temp/test/eclipse/plugins/fr.ac6.mcu.externaltools.arm-none.win32_1.16.0.201807130628/tools/compiler/bin/../lib/gcc/arm-none-eabi/7.2.1/thumb/v7-m\libgcc.a(_arm_addsubsf3.o)
 .ARM.attributes
                0x000005d3       0x1d c:/temp/test/eclipse/plugins/fr.ac6.mcu.externaltools.arm-none.win32_1.16.0.201807130628/tools/compiler/bin/../lib/gcc/arm-none-eabi/7.2.1/thumb/v7-m\libgcc.a(_arm_muldivsf3.o)
 .ARM.attributes
                0x000005f0       0x1d c:/temp/test/eclipse/plugins/fr.ac6.mcu.externaltools.arm-none.win32_1.16.0.201807130628/tools/compiler/bin/../lib/gcc/arm-none-eabi/7.2.1/thumb/v7-m\libgcc.a(_arm_cmpsf2.o)
 .ARM.attributes
                0x0000060d       0x1d c:/temp/test/eclipse/plugins/fr.ac6.mcu.externaltools.arm-none.win32_1.16.0.201807130628/tools/compiler/bin/../lib/gcc/arm-none-eabi/7.2.1/thumb/v7-m\libgcc.a(_arm_fixsfsi.o)
 .ARM.attributes
                0x0000062a       0x1d c:/temp/test/eclipse/plugins/fr.ac6.mcu.externaltools.arm-none.win32_1.16.0.201807130628/tools/compiler/bin/../lib/gcc/arm-none-eabi/7.2.1/thumb/v7-m\libgcc.a(_arm_fixunssfsi.o)
 .ARM.attributes
                0x00000647       0x2d c:/temp/test/eclipse/plugins/fr.ac6.mcu.externaltools.arm-none.win32_1.16.0.201807130628/tools/compiler/bin/../lib/gcc/arm-none-eabi/7.2.1/../../../../arm-none-eabi/lib/thumb/v7-m\libc_nano.a(lib_a-errno.o)
 .ARM.attributes
                0x00000674       0x2d c:/temp/test/eclipse/plugins/fr.ac6.mcu.externaltools.arm-none.win32_1.16.0.201807130628/tools/compiler/bin/../lib/gcc/arm-none-eabi/7.2.1/../../../../arm-none-eabi/lib/thumb/v7-m\libc_nano.a(lib_a-impure.o)
 .ARM.attributes
                0x000006a1       0x2d c:/temp/test/eclipse/plugins/fr.ac6.mcu.externaltools.arm-none.win32_1.16.0.201807130628/tools/compiler/bin/../lib/gcc/arm-none-eabi/7.2.1/../../../../arm-none-eabi/lib/thumb/v7-m\libc_nano.a(lib_a-init.o)
 .ARM.attributes
                0x000006ce       0x1d c:/temp/test/eclipse/plugins/fr.ac6.mcu.externaltools.arm-none.win32_1.16.0.201807130628/tools/compiler/bin/../lib/gcc/arm-none-eabi/7.2.1/thumb/v7-m/crtn.o
OUTPUT(LishuiFOC.elf elf32-littlearm)

.debug_info     0x00000000    0x18392
 .debug_info    0x00000000      0xf39 Drivers/STM32F1xx_HAL_Driver/Src/stm32f1xx_hal.o
 .debug_info    0x00000f39     0x16a0 Drivers/STM32F1xx_HAL_Driver/Src/stm32f1xx_hal_adc.o
 .debug_info    0x000025d9     0x13ca Drivers/STM32F1xx_HAL_Driver/Src/stm32f1xx_hal_adc_ex.o
 .debug_info    0x000039a3     0x14cd Drivers/STM32F1xx_HAL_Driver/Src/stm32f1xx_hal_cortex.o
 .debug_info    0x00004e70     0x108a Drivers/STM32F1xx_HAL_Driver/Src/stm32f1xx_hal_dma.o
 .debug_info    0x00005efa      0xee7 Drivers/STM32F1xx_HAL_Driver/Src/stm32f1xx_hal_gpio.o
 .debug_info    0x00006de1     0x11dd Drivers/STM32F1xx_HAL_Driver/Src/stm32f1xx_hal_rcc.o
 .debug_info    0x00007fbe      0xcdd Drivers/STM32F1xx_HAL_Driver/Src/stm32f1xx_hal_rcc_ex.o
 .debug_info    0x00008c9b     0x36c1 Drivers/STM32F1xx_HAL_Driver/Src/stm32f1xx_hal_tim.o
 .debug_info    0x0000c35c     0x1b30 Drivers/STM32F1xx_HAL_Driver/Src/stm32f1xx_hal_tim_ex.o
 .debug_info    0x0000de8c     0x1edb Drivers/STM32F1xx_HAL_Driver/Src/stm32f1xx_hal_uart.o
 .debug_info    0x0000fd67      0xe9a Src/FOC.o
 .debug_info    0x00010c01     0x2a0c Src/main.o
 .debug_info    0x0001360d      0x473 Src/print.o
 .debug_info    0x00013a80     0x1bdc Src/stm32f1xx_hal_msp.o
 .debug_info    0x0001565c     0x14f5 Src/stm32f1xx_it.o
 .debug_info    0x00016b51      0xc8b Src/system_stm32f1xx.o
 .debug_info    0x000177dc       0x22 startup/startup_stm32f103x6.o
 .debug_info    0x000177fe      0x1f7 C:\temp\OpenSTM32\LishuiFOC\Drivers\CMSIS\libarm_cortexM3l_math.a(arm_sin_cos_f32.o)
 .debug_info    0x000179f5      0x99d C:\temp\OpenSTM32\LishuiFOC\Drivers\CMSIS\libarm_cortexM3l_math.a(arm_common_tables.o)

.debug_abbrev   0x00000000     0x31f9
 .debug_abbrev  0x00000000      0x2fa Drivers/STM32F1xx_HAL_Driver/Src/stm32f1xx_hal.o
 .debug_abbrev  0x000002fa      0x2a4 Drivers/STM32F1xx_HAL_Driver/Src/stm32f1xx_hal_adc.o
 .debug_abbrev  0x0000059e      0x2ef Drivers/STM32F1xx_HAL_Driver/Src/stm32f1xx_hal_adc_ex.o
 .debug_abbrev  0x0000088d      0x3e0 Drivers/STM32F1xx_HAL_Driver/Src/stm32f1xx_hal_cortex.o
 .debug_abbrev  0x00000c6d      0x301 Drivers/STM32F1xx_HAL_Driver/Src/stm32f1xx_hal_dma.o
 .debug_abbrev  0x00000f6e      0x2c3 Drivers/STM32F1xx_HAL_Driver/Src/stm32f1xx_hal_gpio.o
 .debug_abbrev  0x00001231      0x33e Drivers/STM32F1xx_HAL_Driver/Src/stm32f1xx_hal_rcc.o
 .debug_abbrev  0x0000156f      0x2d0 Drivers/STM32F1xx_HAL_Driver/Src/stm32f1xx_hal_rcc_ex.o
 .debug_abbrev  0x0000183f      0x30b Drivers/STM32F1xx_HAL_Driver/Src/stm32f1xx_hal_tim.o
 .debug_abbrev  0x00001b4a      0x2fc Drivers/STM32F1xx_HAL_Driver/Src/stm32f1xx_hal_tim_ex.o
 .debug_abbrev  0x00001e46      0x324 Drivers/STM32F1xx_HAL_Driver/Src/stm32f1xx_hal_uart.o
 .debug_abbrev  0x0000216a      0x2b9 Src/FOC.o
 .debug_abbrev  0x00002423      0x30f Src/main.o
 .debug_abbrev  0x00002732      0x1f5 Src/print.o
 .debug_abbrev  0x00002927      0x2bb Src/stm32f1xx_hal_msp.o
 .debug_abbrev  0x00002be2      0x26e Src/stm32f1xx_it.o
 .debug_abbrev  0x00002e50      0x244 Src/system_stm32f1xx.o
 .debug_abbrev  0x00003094       0x12 startup/startup_stm32f103x6.o
 .debug_abbrev  0x000030a6       0xcf C:\temp\OpenSTM32\LishuiFOC\Drivers\CMSIS\libarm_cortexM3l_math.a(arm_sin_cos_f32.o)
 .debug_abbrev  0x00003175       0x84 C:\temp\OpenSTM32\LishuiFOC\Drivers\CMSIS\libarm_cortexM3l_math.a(arm_common_tables.o)

.debug_loc      0x00000000     0x977a
 .debug_loc     0x00000000       0x69 Drivers/STM32F1xx_HAL_Driver/Src/stm32f1xx_hal.o
 .debug_loc     0x00000069      0x9fa Drivers/STM32F1xx_HAL_Driver/Src/stm32f1xx_hal_adc.o
 .debug_loc     0x00000a63      0x798 Drivers/STM32F1xx_HAL_Driver/Src/stm32f1xx_hal_adc_ex.o
 .debug_loc     0x000011fb      0x5ad Drivers/STM32F1xx_HAL_Driver/Src/stm32f1xx_hal_cortex.o
 .debug_loc     0x000017a8      0x7aa Drivers/STM32F1xx_HAL_Driver/Src/stm32f1xx_hal_dma.o
 .debug_loc     0x00001f52      0x429 Drivers/STM32F1xx_HAL_Driver/Src/stm32f1xx_hal_gpio.o
 .debug_loc     0x0000237b      0x480 Drivers/STM32F1xx_HAL_Driver/Src/stm32f1xx_hal_rcc.o
 .debug_loc     0x000027fb      0x2d0 Drivers/STM32F1xx_HAL_Driver/Src/stm32f1xx_hal_rcc_ex.o
 .debug_loc     0x00002acb     0x367a Drivers/STM32F1xx_HAL_Driver/Src/stm32f1xx_hal_tim.o
 .debug_loc     0x00006145      0xf46 Drivers/STM32F1xx_HAL_Driver/Src/stm32f1xx_hal_tim_ex.o
 .debug_loc     0x0000708b     0x1529 Drivers/STM32F1xx_HAL_Driver/Src/stm32f1xx_hal_uart.o
 .debug_loc     0x000085b4      0x525 Src/FOC.o
 .debug_loc     0x00008ad9       0xd7 Src/main.o
 .debug_loc     0x00008bb0      0x588 Src/print.o
 .debug_loc     0x00009138      0x1b1 Src/stm32f1xx_hal_msp.o
 .debug_loc     0x000092e9       0xdf Src/system_stm32f1xx.o
 .debug_loc     0x000093c8      0x3b2 C:\temp\OpenSTM32\LishuiFOC\Drivers\CMSIS\libarm_cortexM3l_math.a(arm_sin_cos_f32.o)

.debug_aranges  0x00000000      0xd80
 .debug_aranges
                0x00000000       0xb8 Drivers/STM32F1xx_HAL_Driver/Src/stm32f1xx_hal.o
 .debug_aranges
                0x000000b8       0xf0 Drivers/STM32F1xx_HAL_Driver/Src/stm32f1xx_hal_adc.o
 .debug_aranges
                0x000001a8       0x80 Drivers/STM32F1xx_HAL_Driver/Src/stm32f1xx_hal_adc_ex.o
 .debug_aranges
                0x00000228       0x90 Drivers/STM32F1xx_HAL_Driver/Src/stm32f1xx_hal_cortex.o
 .debug_aranges
                0x000002b8       0x80 Drivers/STM32F1xx_HAL_Driver/Src/stm32f1xx_hal_dma.o
 .debug_aranges
                0x00000338       0x58 Drivers/STM32F1xx_HAL_Driver/Src/stm32f1xx_hal_gpio.o
 .debug_aranges
                0x00000390       0x90 Drivers/STM32F1xx_HAL_Driver/Src/stm32f1xx_hal_rcc.o
 .debug_aranges
                0x00000420       0x30 Drivers/STM32F1xx_HAL_Driver/Src/stm32f1xx_hal_rcc_ex.o
 .debug_aranges
                0x00000450      0x368 Drivers/STM32F1xx_HAL_Driver/Src/stm32f1xx_hal_tim.o
 .debug_aranges
                0x000007b8      0x138 Drivers/STM32F1xx_HAL_Driver/Src/stm32f1xx_hal_tim_ex.o
 .debug_aranges
                0x000008f0      0x1d0 Drivers/STM32F1xx_HAL_Driver/Src/stm32f1xx_hal_uart.o
 .debug_aranges
                0x00000ac0       0x38 Src/FOC.o
 .debug_aranges
                0x00000af8       0x98 Src/main.o
 .debug_aranges
                0x00000b90       0x48 Src/print.o
 .debug_aranges
                0x00000bd8       0x58 Src/stm32f1xx_hal_msp.o
 .debug_aranges
                0x00000c30       0xc8 Src/stm32f1xx_it.o
 .debug_aranges
                0x00000cf8       0x28 Src/system_stm32f1xx.o
 .debug_aranges
                0x00000d20       0x28 startup/startup_stm32f103x6.o
 .debug_aranges
                0x00000d48       0x20 C:\temp\OpenSTM32\LishuiFOC\Drivers\CMSIS\libarm_cortexM3l_math.a(arm_sin_cos_f32.o)
 .debug_aranges
                0x00000d68       0x18 C:\temp\OpenSTM32\LishuiFOC\Drivers\CMSIS\libarm_cortexM3l_math.a(arm_common_tables.o)

.debug_ranges   0x00000000      0xcd8
 .debug_ranges  0x00000000       0xa8 Drivers/STM32F1xx_HAL_Driver/Src/stm32f1xx_hal.o
 .debug_ranges  0x000000a8       0xe0 Drivers/STM32F1xx_HAL_Driver/Src/stm32f1xx_hal_adc.o
 .debug_ranges  0x00000188       0x70 Drivers/STM32F1xx_HAL_Driver/Src/stm32f1xx_hal_adc_ex.o
 .debug_ranges  0x000001f8       0xe0 Drivers/STM32F1xx_HAL_Driver/Src/stm32f1xx_hal_cortex.o
 .debug_ranges  0x000002d8       0x70 Drivers/STM32F1xx_HAL_Driver/Src/stm32f1xx_hal_dma.o
 .debug_ranges  0x00000348       0x48 Drivers/STM32F1xx_HAL_Driver/Src/stm32f1xx_hal_gpio.o
 .debug_ranges  0x00000390       0xa0 Drivers/STM32F1xx_HAL_Driver/Src/stm32f1xx_hal_rcc.o
 .debug_ranges  0x00000430       0x38 Drivers/STM32F1xx_HAL_Driver/Src/stm32f1xx_hal_rcc_ex.o
 .debug_ranges  0x00000468      0x358 Drivers/STM32F1xx_HAL_Driver/Src/stm32f1xx_hal_tim.o
 .debug_ranges  0x000007c0      0x128 Drivers/STM32F1xx_HAL_Driver/Src/stm32f1xx_hal_tim_ex.o
 .debug_ranges  0x000008e8      0x1c0 Drivers/STM32F1xx_HAL_Driver/Src/stm32f1xx_hal_uart.o
 .debug_ranges  0x00000aa8       0x28 Src/FOC.o
 .debug_ranges  0x00000ad0       0x88 Src/main.o
 .debug_ranges  0x00000b58       0x38 Src/print.o
 .debug_ranges  0x00000b90       0x48 Src/stm32f1xx_hal_msp.o
 .debug_ranges  0x00000bd8       0xb8 Src/stm32f1xx_it.o
 .debug_ranges  0x00000c90       0x18 Src/system_stm32f1xx.o
 .debug_ranges  0x00000ca8       0x20 startup/startup_stm32f103x6.o
 .debug_ranges  0x00000cc8       0x10 C:\temp\OpenSTM32\LishuiFOC\Drivers\CMSIS\libarm_cortexM3l_math.a(arm_sin_cos_f32.o)

.debug_macro    0x00000000    0x16fce
 .debug_macro   0x00000000      0x38b Drivers/STM32F1xx_HAL_Driver/Src/stm32f1xx_hal.o
 .debug_macro   0x0000038b      0xa66 Drivers/STM32F1xx_HAL_Driver/Src/stm32f1xx_hal.o
 .debug_macro   0x00000df1       0x12 Drivers/STM32F1xx_HAL_Driver/Src/stm32f1xx_hal.o
 .debug_macro   0x00000e03       0x22 Drivers/STM32F1xx_HAL_Driver/Src/stm32f1xx_hal.o
 .debug_macro   0x00000e25       0x87 Drivers/STM32F1xx_HAL_Driver/Src/stm32f1xx_hal.o
 .debug_macro   0x00000eac       0x51 Drivers/STM32F1xx_HAL_Driver/Src/stm32f1xx_hal.o
 .debug_macro   0x00000efd       0xef Drivers/STM32F1xx_HAL_Driver/Src/stm32f1xx_hal.o
 .debug_macro   0x00000fec       0x6a Drivers/STM32F1xx_HAL_Driver/Src/stm32f1xx_hal.o
 .debug_macro   0x00001056      0x1df Drivers/STM32F1xx_HAL_Driver/Src/stm32f1xx_hal.o
 .debug_macro   0x00001235       0x34 Drivers/STM32F1xx_HAL_Driver/Src/stm32f1xx_hal.o
 .debug_macro   0x00001269       0x34 Drivers/STM32F1xx_HAL_Driver/Src/stm32f1xx_hal.o
 .debug_macro   0x0000129d       0x58 Drivers/STM32F1xx_HAL_Driver/Src/stm32f1xx_hal.o
 .debug_macro   0x000012f5       0x17 Drivers/STM32F1xx_HAL_Driver/Src/stm32f1xx_hal.o
 .debug_macro   0x0000130c       0x35 Drivers/STM32F1xx_HAL_Driver/Src/stm32f1xx_hal.o
 .debug_macro   0x00001341       0x9c Drivers/STM32F1xx_HAL_Driver/Src/stm32f1xx_hal.o
 .debug_macro   0x000013dd      0x174 Drivers/STM32F1xx_HAL_Driver/Src/stm32f1xx_hal.o
 .debug_macro   0x00001551       0x58 Drivers/STM32F1xx_HAL_Driver/Src/stm32f1xx_hal.o
 .debug_macro   0x000015a9       0x1f Drivers/STM32F1xx_HAL_Driver/Src/stm32f1xx_hal.o
 .debug_macro   0x000015c8       0x43 Drivers/STM32F1xx_HAL_Driver/Src/stm32f1xx_hal.o
 .debug_macro   0x0000160b       0x20 Drivers/STM32F1xx_HAL_Driver/Src/stm32f1xx_hal.o
 .debug_macro   0x0000162b      0x18e Drivers/STM32F1xx_HAL_Driver/Src/stm32f1xx_hal.o
 .debug_macro   0x000017b9      0x330 Drivers/STM32F1xx_HAL_Driver/Src/stm32f1xx_hal.o
 .debug_macro   0x00001ae9       0x10 Drivers/STM32F1xx_HAL_Driver/Src/stm32f1xx_hal.o
 .debug_macro   0x00001af9       0x35 Drivers/STM32F1xx_HAL_Driver/Src/stm32f1xx_hal.o
 .debug_macro   0x00001b2e      0x1e1 Drivers/STM32F1xx_HAL_Driver/Src/stm32f1xx_hal.o
 .debug_macro   0x00001d0f       0xe4 Drivers/STM32F1xx_HAL_Driver/Src/stm32f1xx_hal.o
 .debug_macro   0x00001df3       0xac Drivers/STM32F1xx_HAL_Driver/Src/stm32f1xx_hal.o
 .debug_macro   0x00001e9f      0x175 Drivers/STM32F1xx_HAL_Driver/Src/stm32f1xx_hal.o
 .debug_macro   0x00002014       0x2e Drivers/STM32F1xx_HAL_Driver/Src/stm32f1xx_hal.o
 .debug_macro   0x00002042       0x22 Drivers/STM32F1xx_HAL_Driver/Src/stm32f1xx_hal.o
 .debug_macro   0x00002064      0xb8e Drivers/STM32F1xx_HAL_Driver/Src/stm32f1xx_hal.o
 .debug_macro   0x00002bf2     0xe6e1 Drivers/STM32F1xx_HAL_Driver/Src/stm32f1xx_hal.o
 .debug_macro   0x000112d3       0x43 Drivers/STM32F1xx_HAL_Driver/Src/stm32f1xx_hal.o
 .debug_macro   0x00011316       0x1c Drivers/STM32F1xx_HAL_Driver/Src/stm32f1xx_hal.o
 .debug_macro   0x00011332       0x10 Drivers/STM32F1xx_HAL_Driver/Src/stm32f1xx_hal.o
 .debug_macro   0x00011342       0x10 Drivers/STM32F1xx_HAL_Driver/Src/stm32f1xx_hal.o
 .debug_macro   0x00011352       0x1c Drivers/STM32F1xx_HAL_Driver/Src/stm32f1xx_hal.o
 .debug_macro   0x0001136e       0x52 Drivers/STM32F1xx_HAL_Driver/Src/stm32f1xx_hal.o
 .debug_macro   0x000113c0       0x40 Drivers/STM32F1xx_HAL_Driver/Src/stm32f1xx_hal.o
 .debug_macro   0x00011400       0x10 Drivers/STM32F1xx_HAL_Driver/Src/stm32f1xx_hal.o
 .debug_macro   0x00011410       0x40 Drivers/STM32F1xx_HAL_Driver/Src/stm32f1xx_hal.o
 .debug_macro   0x00011450       0xd7 Drivers/STM32F1xx_HAL_Driver/Src/stm32f1xx_hal.o
 .debug_macro   0x00011527       0x1c Drivers/STM32F1xx_HAL_Driver/Src/stm32f1xx_hal.o
 .debug_macro   0x00011543       0x3d Drivers/STM32F1xx_HAL_Driver/Src/stm32f1xx_hal.o
 .debug_macro   0x00011580       0x16 Drivers/STM32F1xx_HAL_Driver/Src/stm32f1xx_hal.o
 .debug_macro   0x00011596      0x16f Drivers/STM32F1xx_HAL_Driver/Src/stm32f1xx_hal.o
 .debug_macro   0x00011705       0x50 Drivers/STM32F1xx_HAL_Driver/Src/stm32f1xx_hal.o
 .debug_macro   0x00011755      0x5c2 Drivers/STM32F1xx_HAL_Driver/Src/stm32f1xx_hal.o
 .debug_macro   0x00011d17      0x1b9 Drivers/STM32F1xx_HAL_Driver/Src/stm32f1xx_hal.o
 .debug_macro   0x00011ed0      0x1cb Drivers/STM32F1xx_HAL_Driver/Src/stm32f1xx_hal.o
 .debug_macro   0x0001209b      0x11e Drivers/STM32F1xx_HAL_Driver/Src/stm32f1xx_hal.o
 .debug_macro   0x000121b9      0x197 Drivers/STM32F1xx_HAL_Driver/Src/stm32f1xx_hal.o
 .debug_macro   0x00012350       0x27 Drivers/STM32F1xx_HAL_Driver/Src/stm32f1xx_hal.o
 .debug_macro   0x00012377      0x1bc Drivers/STM32F1xx_HAL_Driver/Src/stm32f1xx_hal.o
 .debug_macro   0x00012533       0x34 Drivers/STM32F1xx_HAL_Driver/Src/stm32f1xx_hal.o
 .debug_macro   0x00012567       0x3c Drivers/STM32F1xx_HAL_Driver/Src/stm32f1xx_hal.o
 .debug_macro   0x000125a3       0x57 Drivers/STM32F1xx_HAL_Driver/Src/stm32f1xx_hal.o
 .debug_macro   0x000125fa      0x46a Drivers/STM32F1xx_HAL_Driver/Src/stm32f1xx_hal.o
 .debug_macro   0x00012a64      0x1b5 Drivers/STM32F1xx_HAL_Driver/Src/stm32f1xx_hal.o
 .debug_macro   0x00012c19       0x8c Drivers/STM32F1xx_HAL_Driver/Src/stm32f1xx_hal.o
 .debug_macro   0x00012ca5      0x185 Drivers/STM32F1xx_HAL_Driver/Src/stm32f1xx_hal.o
 .debug_macro   0x00012e2a      0x143 Drivers/STM32F1xx_HAL_Driver/Src/stm32f1xx_hal.o
 .debug_macro   0x00012f6d      0x84c Drivers/STM32F1xx_HAL_Driver/Src/stm32f1xx_hal.o
 .debug_macro   0x000137b9       0x1f Drivers/STM32F1xx_HAL_Driver/Src/stm32f1xx_hal.o
 .debug_macro   0x000137d8      0x26b Drivers/STM32F1xx_HAL_Driver/Src/stm32f1xx_hal.o
 .debug_macro   0x00013a43       0x62 Drivers/STM32F1xx_HAL_Driver/Src/stm32f1xx_hal.o
 .debug_macro   0x00013aa5      0x384 Drivers/STM32F1xx_HAL_Driver/Src/stm32f1xx_hal_adc.o
 .debug_macro   0x00013e29      0x379 Drivers/STM32F1xx_HAL_Driver/Src/stm32f1xx_hal_adc_ex.o
 .debug_macro   0x000141a2      0x367 Drivers/STM32F1xx_HAL_Driver/Src/stm32f1xx_hal_cortex.o
 .debug_macro   0x00014509      0x367 Drivers/STM32F1xx_HAL_Driver/Src/stm32f1xx_hal_dma.o
 .debug_macro   0x00014870      0x3d7 Drivers/STM32F1xx_HAL_Driver/Src/stm32f1xx_hal_gpio.o
 .debug_macro   0x00014c47      0x379 Drivers/STM32F1xx_HAL_Driver/Src/stm32f1xx_hal_rcc.o
 .debug_macro   0x00014fc0      0x367 Drivers/STM32F1xx_HAL_Driver/Src/stm32f1xx_hal_rcc_ex.o
 .debug_macro   0x00015327      0x368 Drivers/STM32F1xx_HAL_Driver/Src/stm32f1xx_hal_tim.o
 .debug_macro   0x0001568f      0x367 Drivers/STM32F1xx_HAL_Driver/Src/stm32f1xx_hal_tim_ex.o
 .debug_macro   0x000159f6      0x368 Drivers/STM32F1xx_HAL_Driver/Src/stm32f1xx_hal_uart.o
 .debug_macro   0x00015d5e      0x374 Src/FOC.o
 .debug_macro   0x000160d2       0x28 Src/FOC.o
 .debug_macro   0x000160fa      0x37e Src/main.o
 .debug_macro   0x00016478       0xb9 Src/print.o
 .debug_macro   0x00016531       0x58 Src/print.o
 .debug_macro   0x00016589      0x367 Src/stm32f1xx_hal_msp.o
 .debug_macro   0x000168f0      0x371 Src/stm32f1xx_it.o
 .debug_macro   0x00016c61      0x36d Src/system_stm32f1xx.o

.debug_line     0x00000000     0xb5cf
 .debug_line    0x00000000      0x8c4 Drivers/STM32F1xx_HAL_Driver/Src/stm32f1xx_hal.o
 .debug_line    0x000008c4      0xc96 Drivers/STM32F1xx_HAL_Driver/Src/stm32f1xx_hal_adc.o
 .debug_line    0x0000155a      0xae8 Drivers/STM32F1xx_HAL_Driver/Src/stm32f1xx_hal_adc_ex.o
 .debug_line    0x00002042      0x91d Drivers/STM32F1xx_HAL_Driver/Src/stm32f1xx_hal_cortex.o
 .debug_line    0x0000295f      0xad0 Drivers/STM32F1xx_HAL_Driver/Src/stm32f1xx_hal_dma.o
 .debug_line    0x0000342f      0x8f1 Drivers/STM32F1xx_HAL_Driver/Src/stm32f1xx_hal_gpio.o
 .debug_line    0x00003d20      0xa01 Drivers/STM32F1xx_HAL_Driver/Src/stm32f1xx_hal_rcc.o
 .debug_line    0x00004721      0x80b Drivers/STM32F1xx_HAL_Driver/Src/stm32f1xx_hal_rcc_ex.o
 .debug_line    0x00004f2c     0x170b Drivers/STM32F1xx_HAL_Driver/Src/stm32f1xx_hal_tim.o
 .debug_line    0x00006637      0xce6 Drivers/STM32F1xx_HAL_Driver/Src/stm32f1xx_hal_tim_ex.o
 .debug_line    0x0000731d     0x1036 Drivers/STM32F1xx_HAL_Driver/Src/stm32f1xx_hal_uart.o
 .debug_line    0x00008353      0x830 Src/FOC.o
 .debug_line    0x00008b83      0x99f Src/main.o
 .debug_line    0x00009522      0x4d1 Src/print.o
 .debug_line    0x000099f3      0x860 Src/stm32f1xx_hal_msp.o
 .debug_line    0x0000a253      0x8bf Src/stm32f1xx_it.o
 .debug_line    0x0000ab12      0x782 Src/system_stm32f1xx.o
 .debug_line    0x0000b294       0x7d startup/startup_stm32f103x6.o
 .debug_line    0x0000b311      0x190 C:\temp\OpenSTM32\LishuiFOC\Drivers\CMSIS\libarm_cortexM3l_math.a(arm_sin_cos_f32.o)
 .debug_line    0x0000b4a1      0x12e C:\temp\OpenSTM32\LishuiFOC\Drivers\CMSIS\libarm_cortexM3l_math.a(arm_common_tables.o)

.debug_str      0x00000000    0x76678
 .debug_str     0x00000000    0x7270b Drivers/STM32F1xx_HAL_Driver/Src/stm32f1xx_hal.o
                              0x72b37 (size before relaxing)
 .debug_str     0x0007270b      0x67f Drivers/STM32F1xx_HAL_Driver/Src/stm32f1xx_hal_adc.o
                              0x72bce (size before relaxing)
 .debug_str     0x00072d8a      0x2d8 Drivers/STM32F1xx_HAL_Driver/Src/stm32f1xx_hal_adc_ex.o
                              0x72b86 (size before relaxing)
 .debug_str     0x00073062      0x2e1 Drivers/STM32F1xx_HAL_Driver/Src/stm32f1xx_hal_cortex.o
                              0x72b42 (size before relaxing)
 .debug_str     0x00073343      0x220 Drivers/STM32F1xx_HAL_Driver/Src/stm32f1xx_hal_dma.o
                              0x728e0 (size before relaxing)
 .debug_str     0x00073563      0x3a0 Drivers/STM32F1xx_HAL_Driver/Src/stm32f1xx_hal_gpio.o
                              0x728af (size before relaxing)
 .debug_str     0x00073903      0x368 Drivers/STM32F1xx_HAL_Driver/Src/stm32f1xx_hal_rcc.o
                              0x72904 (size before relaxing)
 .debug_str     0x00073c6b      0x106 Drivers/STM32F1xx_HAL_Driver/Src/stm32f1xx_hal_rcc_ex.o
                              0x726a4 (size before relaxing)
 .debug_str     0x00073d71      0xf05 Drivers/STM32F1xx_HAL_Driver/Src/stm32f1xx_hal_tim.o
                              0x73604 (size before relaxing)
 .debug_str     0x00074c76      0x4f1 Drivers/STM32F1xx_HAL_Driver/Src/stm32f1xx_hal_tim_ex.o
                              0x72ea6 (size before relaxing)
 .debug_str     0x00075167      0x6d6 Drivers/STM32F1xx_HAL_Driver/Src/stm32f1xx_hal_uart.o
                              0x72e1d (size before relaxing)
 .debug_str     0x0007583d      0x20b Src/FOC.o
                              0x7268c (size before relaxing)
 .debug_str     0x00075a48      0x253 Src/main.o
                              0x738b3 (size before relaxing)
 .debug_str     0x00075c9b      0x136 Src/print.o
                              0x54698 (size before relaxing)
 .debug_str     0x00075dd1       0x25 Src/stm32f1xx_hal_msp.o
                              0x72fb2 (size before relaxing)
 .debug_str     0x00075df6      0x17a Src/stm32f1xx_it.o
                              0x72d30 (size before relaxing)
 .debug_str     0x00075f70       0x69 Src/system_stm32f1xx.o
                              0x7256e (size before relaxing)
 .debug_str     0x00075fd9       0x5a startup/startup_stm32f103x6.o
 .debug_str     0x00076033      0x14c C:\temp\OpenSTM32\LishuiFOC\Drivers\CMSIS\libarm_cortexM3l_math.a(arm_sin_cos_f32.o)
                                0x233 (size before relaxing)
 .debug_str     0x0007617f      0x4f9 C:\temp\OpenSTM32\LishuiFOC\Drivers\CMSIS\libarm_cortexM3l_math.a(arm_common_tables.o)
                                0x6cf (size before relaxing)

.comment        0x00000000       0xee
 .comment       0x00000000       0x7e Drivers/STM32F1xx_HAL_Driver/Src/stm32f1xx_hal.o
                                 0x7f (size before relaxing)
 .comment       0x0000007e       0x7f Drivers/STM32F1xx_HAL_Driver/Src/stm32f1xx_hal_adc.o
 .comment       0x0000007e       0x7f Drivers/STM32F1xx_HAL_Driver/Src/stm32f1xx_hal_adc_ex.o
 .comment       0x0000007e       0x7f Drivers/STM32F1xx_HAL_Driver/Src/stm32f1xx_hal_cortex.o
 .comment       0x0000007e       0x7f Drivers/STM32F1xx_HAL_Driver/Src/stm32f1xx_hal_dma.o
 .comment       0x0000007e       0x7f Drivers/STM32F1xx_HAL_Driver/Src/stm32f1xx_hal_gpio.o
 .comment       0x0000007e       0x7f Drivers/STM32F1xx_HAL_Driver/Src/stm32f1xx_hal_rcc.o
 .comment       0x0000007e       0x7f Drivers/STM32F1xx_HAL_Driver/Src/stm32f1xx_hal_rcc_ex.o
 .comment       0x0000007e       0x7f Drivers/STM32F1xx_HAL_Driver/Src/stm32f1xx_hal_tim.o
 .comment       0x0000007e       0x7f Drivers/STM32F1xx_HAL_Driver/Src/stm32f1xx_hal_tim_ex.o
 .comment       0x0000007e       0x7f Drivers/STM32F1xx_HAL_Driver/Src/stm32f1xx_hal_uart.o
 .comment       0x0000007e       0x7f Src/FOC.o
 .comment       0x0000007e       0x7f Src/main.o
 .comment       0x0000007e       0x7f Src/print.o
 .comment       0x0000007e       0x7f Src/stm32f1xx_hal_msp.o
 .comment       0x0000007e       0x7f Src/stm32f1xx_it.o
 .comment       0x0000007e       0x7f Src/system_stm32f1xx.o
 .comment       0x0000007e       0x70 C:\temp\OpenSTM32\LishuiFOC\Drivers\CMSIS\libarm_cortexM3l_math.a(arm_sin_cos_f32.o)
                                 0x71 (size before relaxing)
 .comment       0x000000ee       0x71 C:\temp\OpenSTM32\LishuiFOC\Drivers\CMSIS\libarm_cortexM3l_math.a(arm_common_tables.o)

.debug_frame    0x00000000     0x27b4
 .debug_frame   0x00000000      0x178 Drivers/STM32F1xx_HAL_Driver/Src/stm32f1xx_hal.o
 .debug_frame   0x00000178      0x2c4 Drivers/STM32F1xx_HAL_Driver/Src/stm32f1xx_hal_adc.o
 .debug_frame   0x0000043c      0x190 Drivers/STM32F1xx_HAL_Driver/Src/stm32f1xx_hal_adc_ex.o
 .debug_frame   0x000005cc      0x12c Drivers/STM32F1xx_HAL_Driver/Src/stm32f1xx_hal_cortex.o
 .debug_frame   0x000006f8      0x148 Drivers/STM32F1xx_HAL_Driver/Src/stm32f1xx_hal_dma.o
 .debug_frame   0x00000840       0xd4 Drivers/STM32F1xx_HAL_Driver/Src/stm32f1xx_hal_gpio.o
 .debug_frame   0x00000914      0x168 Drivers/STM32F1xx_HAL_Driver/Src/stm32f1xx_hal_rcc.o
 .debug_frame   0x00000a7c       0x6c Drivers/STM32F1xx_HAL_Driver/Src/stm32f1xx_hal_rcc_ex.o
 .debug_frame   0x00000ae8      0x9e0 Drivers/STM32F1xx_HAL_Driver/Src/stm32f1xx_hal_tim.o
 .debug_frame   0x000014c8      0x374 Drivers/STM32F1xx_HAL_Driver/Src/stm32f1xx_hal_tim_ex.o
 .debug_frame   0x0000183c      0x4f0 Drivers/STM32F1xx_HAL_Driver/Src/stm32f1xx_hal_uart.o
 .debug_frame   0x00001d2c       0xa0 Src/FOC.o
 .debug_frame   0x00001dcc      0x1c0 Src/main.o
 .debug_frame   0x00001f8c       0xe8 Src/print.o
 .debug_frame   0x00002074       0xfc Src/stm32f1xx_hal_msp.o
 .debug_frame   0x00002170      0x1d8 Src/stm32f1xx_it.o
 .debug_frame   0x00002348       0x30 Src/system_stm32f1xx.o
 .debug_frame   0x00002378       0x3c C:\temp\OpenSTM32\LishuiFOC\Drivers\CMSIS\libarm_cortexM3l_math.a(arm_sin_cos_f32.o)
 .debug_frame   0x000023b4       0x38 c:/temp/test/eclipse/plugins/fr.ac6.mcu.externaltools.arm-none.win32_1.16.0.201807130628/tools/compiler/bin/../lib/gcc/arm-none-eabi/7.2.1/../../../../arm-none-eabi/lib/thumb/v7-m\libm.a(lib_a-wf_hypot.o)
 .debug_frame   0x000023ec       0x34 c:/temp/test/eclipse/plugins/fr.ac6.mcu.externaltools.arm-none.win32_1.16.0.201807130628/tools/compiler/bin/../lib/gcc/arm-none-eabi/7.2.1/../../../../arm-none-eabi/lib/thumb/v7-m\libm.a(lib_a-ef_hypot.o)
 .debug_frame   0x00002420       0x30 c:/temp/test/eclipse/plugins/fr.ac6.mcu.externaltools.arm-none.win32_1.16.0.201807130628/tools/compiler/bin/../lib/gcc/arm-none-eabi/7.2.1/../../../../arm-none-eabi/lib/thumb/v7-m\libm.a(lib_a-ef_sqrt.o)
 .debug_frame   0x00002450       0x20 c:/temp/test/eclipse/plugins/fr.ac6.mcu.externaltools.arm-none.win32_1.16.0.201807130628/tools/compiler/bin/../lib/gcc/arm-none-eabi/7.2.1/../../../../arm-none-eabi/lib/thumb/v7-m\libm.a(lib_a-s_matherr.o)
 .debug_frame   0x00002470       0x20 c:/temp/test/eclipse/plugins/fr.ac6.mcu.externaltools.arm-none.win32_1.16.0.201807130628/tools/compiler/bin/../lib/gcc/arm-none-eabi/7.2.1/../../../../arm-none-eabi/lib/thumb/v7-m\libm.a(lib_a-sf_finite.o)
 .debug_frame   0x00002490       0xac c:/temp/test/eclipse/plugins/fr.ac6.mcu.externaltools.arm-none.win32_1.16.0.201807130628/tools/compiler/bin/../lib/gcc/arm-none-eabi/7.2.1/thumb/v7-m\libgcc.a(_arm_addsubdf3.o)
 .debug_frame   0x0000253c       0x50 c:/temp/test/eclipse/plugins/fr.ac6.mcu.externaltools.arm-none.win32_1.16.0.201807130628/tools/compiler/bin/../lib/gcc/arm-none-eabi/7.2.1/thumb/v7-m\libgcc.a(_arm_muldivdf3.o)
 .debug_frame   0x0000258c       0x24 c:/temp/test/eclipse/plugins/fr.ac6.mcu.externaltools.arm-none.win32_1.16.0.201807130628/tools/compiler/bin/../lib/gcc/arm-none-eabi/7.2.1/thumb/v7-m\libgcc.a(_arm_fixunsdfsi.o)
 .debug_frame   0x000025b0       0x24 c:/temp/test/eclipse/plugins/fr.ac6.mcu.externaltools.arm-none.win32_1.16.0.201807130628/tools/compiler/bin/../lib/gcc/arm-none-eabi/7.2.1/thumb/v7-m\libgcc.a(_arm_truncdfsf2.o)
 .debug_frame   0x000025d4       0x4c c:/temp/test/eclipse/plugins/fr.ac6.mcu.externaltools.arm-none.win32_1.16.0.201807130628/tools/compiler/bin/../lib/gcc/arm-none-eabi/7.2.1/thumb/v7-m\libgcc.a(_arm_addsubsf3.o)
 .debug_frame   0x00002620       0x38 c:/temp/test/eclipse/plugins/fr.ac6.mcu.externaltools.arm-none.win32_1.16.0.201807130628/tools/compiler/bin/../lib/gcc/arm-none-eabi/7.2.1/thumb/v7-m\libgcc.a(_arm_muldivsf3.o)
 .debug_frame   0x00002658       0xc8 c:/temp/test/eclipse/plugins/fr.ac6.mcu.externaltools.arm-none.win32_1.16.0.201807130628/tools/compiler/bin/../lib/gcc/arm-none-eabi/7.2.1/thumb/v7-m\libgcc.a(_arm_cmpsf2.o)
 .debug_frame   0x00002720       0x24 c:/temp/test/eclipse/plugins/fr.ac6.mcu.externaltools.arm-none.win32_1.16.0.201807130628/tools/compiler/bin/../lib/gcc/arm-none-eabi/7.2.1/thumb/v7-m\libgcc.a(_arm_fixsfsi.o)
 .debug_frame   0x00002744       0x24 c:/temp/test/eclipse/plugins/fr.ac6.mcu.externaltools.arm-none.win32_1.16.0.201807130628/tools/compiler/bin/../lib/gcc/arm-none-eabi/7.2.1/thumb/v7-m\libgcc.a(_arm_fixunssfsi.o)
 .debug_frame   0x00002768       0x20 c:/temp/test/eclipse/plugins/fr.ac6.mcu.externaltools.arm-none.win32_1.16.0.201807130628/tools/compiler/bin/../lib/gcc/arm-none-eabi/7.2.1/../../../../arm-none-eabi/lib/thumb/v7-m\libc_nano.a(lib_a-errno.o)
 .debug_frame   0x00002788       0x2c c:/temp/test/eclipse/plugins/fr.ac6.mcu.externaltools.arm-none.win32_1.16.0.201807130628/tools/compiler/bin/../lib/gcc/arm-none-eabi/7.2.1/../../../../arm-none-eabi/lib/thumb/v7-m\libc_nano.a(lib_a-init.o)
